Archive member included to satisfy reference by file (symbol)

/usr/local/st/stm32cubeide_1.11.2/plugins/com.st.stm32cube.ide.mcu.externaltools.gnu-tools-for-stm32.10.3-2021.10.linux64_1.0.100.202210260954/tools/bin/../lib/gcc/arm-none-eabi/10.3.1/../../../../arm-none-eabi/lib/thumb/v7e-m+fp/hard/libc_nano.a(lib_a-errno.o)
                              ./Core/Src/syscalls.o (__errno)
/usr/local/st/stm32cubeide_1.11.2/plugins/com.st.stm32cube.ide.mcu.externaltools.gnu-tools-for-stm32.10.3-2021.10.linux64_1.0.100.202210260954/tools/bin/../lib/gcc/arm-none-eabi/10.3.1/../../../../arm-none-eabi/lib/thumb/v7e-m+fp/hard/libc_nano.a(lib_a-exit.o)
                              /usr/local/st/stm32cubeide_1.11.2/plugins/com.st.stm32cube.ide.mcu.externaltools.gnu-tools-for-stm32.10.3-2021.10.linux64_1.0.100.202210260954/tools/bin/../lib/gcc/arm-none-eabi/10.3.1/../../../../arm-none-eabi/lib/thumb/v7e-m+fp/hard/crt0.o (exit)
/usr/local/st/stm32cubeide_1.11.2/plugins/com.st.stm32cube.ide.mcu.externaltools.gnu-tools-for-stm32.10.3-2021.10.linux64_1.0.100.202210260954/tools/bin/../lib/gcc/arm-none-eabi/10.3.1/../../../../arm-none-eabi/lib/thumb/v7e-m+fp/hard/libc_nano.a(lib_a-impure.o)
                              /usr/local/st/stm32cubeide_1.11.2/plugins/com.st.stm32cube.ide.mcu.externaltools.gnu-tools-for-stm32.10.3-2021.10.linux64_1.0.100.202210260954/tools/bin/../lib/gcc/arm-none-eabi/10.3.1/../../../../arm-none-eabi/lib/thumb/v7e-m+fp/hard/libc_nano.a(lib_a-exit.o) (_global_impure_ptr)
/usr/local/st/stm32cubeide_1.11.2/plugins/com.st.stm32cube.ide.mcu.externaltools.gnu-tools-for-stm32.10.3-2021.10.linux64_1.0.100.202210260954/tools/bin/../lib/gcc/arm-none-eabi/10.3.1/../../../../arm-none-eabi/lib/thumb/v7e-m+fp/hard/libc_nano.a(lib_a-init.o)
                              /usr/local/st/stm32cubeide_1.11.2/plugins/com.st.stm32cube.ide.mcu.externaltools.gnu-tools-for-stm32.10.3-2021.10.linux64_1.0.100.202210260954/tools/bin/../lib/gcc/arm-none-eabi/10.3.1/../../../../arm-none-eabi/lib/thumb/v7e-m+fp/hard/crt0.o (__libc_init_array)
/usr/local/st/stm32cubeide_1.11.2/plugins/com.st.stm32cube.ide.mcu.externaltools.gnu-tools-for-stm32.10.3-2021.10.linux64_1.0.100.202210260954/tools/bin/../lib/gcc/arm-none-eabi/10.3.1/../../../../arm-none-eabi/lib/thumb/v7e-m+fp/hard/libc_nano.a(lib_a-memset.o)
                              /usr/local/st/stm32cubeide_1.11.2/plugins/com.st.stm32cube.ide.mcu.externaltools.gnu-tools-for-stm32.10.3-2021.10.linux64_1.0.100.202210260954/tools/bin/../lib/gcc/arm-none-eabi/10.3.1/../../../../arm-none-eabi/lib/thumb/v7e-m+fp/hard/crt0.o (memset)
/usr/local/st/stm32cubeide_1.11.2/plugins/com.st.stm32cube.ide.mcu.externaltools.gnu-tools-for-stm32.10.3-2021.10.linux64_1.0.100.202210260954/tools/bin/../lib/gcc/arm-none-eabi/10.3.1/../../../../arm-none-eabi/lib/thumb/v7e-m+fp/hard/libc_nano.a(lib_a-sprintf.o)
                              ./Core/Src/main.o (sprintf)
/usr/local/st/stm32cubeide_1.11.2/plugins/com.st.stm32cube.ide.mcu.externaltools.gnu-tools-for-stm32.10.3-2021.10.linux64_1.0.100.202210260954/tools/bin/../lib/gcc/arm-none-eabi/10.3.1/../../../../arm-none-eabi/lib/thumb/v7e-m+fp/hard/libc_nano.a(lib_a-nano-svfprintf.o)
                              /usr/local/st/stm32cubeide_1.11.2/plugins/com.st.stm32cube.ide.mcu.externaltools.gnu-tools-for-stm32.10.3-2021.10.linux64_1.0.100.202210260954/tools/bin/../lib/gcc/arm-none-eabi/10.3.1/../../../../arm-none-eabi/lib/thumb/v7e-m+fp/hard/libc_nano.a(lib_a-sprintf.o) (_svfprintf_r)
/usr/local/st/stm32cubeide_1.11.2/plugins/com.st.stm32cube.ide.mcu.externaltools.gnu-tools-for-stm32.10.3-2021.10.linux64_1.0.100.202210260954/tools/bin/../lib/gcc/arm-none-eabi/10.3.1/../../../../arm-none-eabi/lib/thumb/v7e-m+fp/hard/libc_nano.a(lib_a-nano-vfprintf_i.o)
                              /usr/local/st/stm32cubeide_1.11.2/plugins/com.st.stm32cube.ide.mcu.externaltools.gnu-tools-for-stm32.10.3-2021.10.linux64_1.0.100.202210260954/tools/bin/../lib/gcc/arm-none-eabi/10.3.1/../../../../arm-none-eabi/lib/thumb/v7e-m+fp/hard/libc_nano.a(lib_a-nano-svfprintf.o) (_printf_i)
/usr/local/st/stm32cubeide_1.11.2/plugins/com.st.stm32cube.ide.mcu.externaltools.gnu-tools-for-stm32.10.3-2021.10.linux64_1.0.100.202210260954/tools/bin/../lib/gcc/arm-none-eabi/10.3.1/../../../../arm-none-eabi/lib/thumb/v7e-m+fp/hard/libc_nano.a(lib_a-memchr.o)
                              /usr/local/st/stm32cubeide_1.11.2/plugins/com.st.stm32cube.ide.mcu.externaltools.gnu-tools-for-stm32.10.3-2021.10.linux64_1.0.100.202210260954/tools/bin/../lib/gcc/arm-none-eabi/10.3.1/../../../../arm-none-eabi/lib/thumb/v7e-m+fp/hard/libc_nano.a(lib_a-nano-svfprintf.o) (memchr)
/usr/local/st/stm32cubeide_1.11.2/plugins/com.st.stm32cube.ide.mcu.externaltools.gnu-tools-for-stm32.10.3-2021.10.linux64_1.0.100.202210260954/tools/bin/../lib/gcc/arm-none-eabi/10.3.1/../../../../arm-none-eabi/lib/thumb/v7e-m+fp/hard/libc_nano.a(lib_a-memcpy-stub.o)
[...]
Memory Configuration

Name             Origin             Length             Attributes
RAM              0x0000000020000000 0x0000000000050000 xrw
FLASH            0x0000000008000000 0x0000000000100000 xr
*default*        0x0000000000000000 0xffffffffffffffff

Linker script and memory map

LOAD /usr/local/st/stm32cubeide_1.11.2/plugins/com.st.stm32cube.ide.mcu.externaltools.gnu-tools-for-stm32.10.3-2021.10.linux64_1.0.100.202210260954/tools/bin/../lib/gcc/arm-none-eabi/10.3.1/thumb/v7e-m+fp/hard/crti.o
LOAD /usr/local/st/stm32cubeide_1.11.2/plugins/com.st.stm32cube.ide.mcu.externaltools.gnu-tools-for-stm32.10.3-2021.10.linux64_1.0.100.202210260954/tools/bin/../lib/gcc/arm-none-eabi/10.3.1/thumb/v7e-m+fp/hard/crtbegin.o
LOAD /usr/local/st/stm32cubeide_1.11.2/plugins/com.st.stm32cube.ide.mcu.externaltools.gnu-tools-for-stm32.10.3-2021.10.linux64_1.0.100.202210260954/tools/bin/../lib/gcc/arm-none-eabi/10.3.1/../../../../arm-none-eabi/lib/thumb/v7e-m+fp/hard/crt0.o
LOAD ./Core/Src/adc.o
LOAD ./Core/Src/dac.o
LOAD ./Core/Src/dma2d.o
LOAD ./Core/Src/fmc.o
LOAD ./Core/Src/ft5336.o
LOAD ./Core/Src/gpio.o
LOAD ./Core/Src/i2c.o
LOAD ./Core/Src/ltdc.o
LOAD ./Core/Src/main.o
LOAD ./Core/Src/rtc.o
LOAD ./Core/Src/spi.o
LOAD ./Core/Src/stm32746g_discovery.o
LOAD ./Core/Src/stm32746g_discovery_lcd.o
LOAD ./Core/Src/stm32746g_discovery_sdram.o
LOAD ./Core/Src/stm32746g_discovery_ts.o
LOAD ./Core/Src/stm32f7xx_hal_msp.o
LOAD ./Core/Src/stm32f7xx_hal_timebase_tim.o
LOAD ./Core/Src/stm32f7xx_it.o
LOAD ./Core/Src/syscalls.o
LOAD ./Core/Src/sysmem.o
LOAD ./Core/Src/system_stm32f7xx.o
LOAD ./Core/Src/tim.o
LOAD ./Core/Src/usart.o
LOAD ./Core/Startup/startup_stm32f746nghx.o
LOAD ./Drivers/STM32F7xx_HAL_Driver/Src/stm32f7xx_hal.o
LOAD ./Drivers/STM32F7xx_HAL_Driver/Src/stm32f7xx_hal_adc.o
LOAD ./Drivers/STM32F7xx_HAL_Driver/Src/stm32f7xx_hal_adc_ex.o
LOAD ./Drivers/STM32F7xx_HAL_Driver/Src/stm32f7xx_hal_cortex.o
LOAD ./Drivers/STM32F7xx_HAL_Driver/Src/stm32f7xx_hal_dac.o
LOAD ./Drivers/STM32F7xx_HAL_Driver/Src/stm32f7xx_hal_dac_ex.o
LOAD ./Drivers/STM32F7xx_HAL_Driver/Src/stm32f7xx_hal_dma.o
LOAD ./Drivers/STM32F7xx_HAL_Driver/Src/stm32f7xx_hal_dma2d.o
LOAD ./Drivers/STM32F7xx_HAL_Driver/Src/stm32f7xx_hal_dma_ex.o
LOAD ./Drivers/STM32F7xx_HAL_Driver/Src/stm32f7xx_hal_dsi.o
LOAD ./Drivers/STM32F7xx_HAL_Driver/Src/stm32f7xx_hal_exti.o
LOAD ./Drivers/STM32F7xx_HAL_Driver/Src/stm32f7xx_hal_flash.o
LOAD ./Drivers/STM32F7xx_HAL_Driver/Src/stm32f7xx_hal_flash_ex.o
LOAD ./Drivers/STM32F7xx_HAL_Driver/Src/stm32f7xx_hal_gpio.o
LOAD ./Drivers/STM32F7xx_HAL_Driver/Src/stm32f7xx_hal_i2c.o
LOAD ./Drivers/STM32F7xx_HAL_Driver/Src/stm32f7xx_hal_i2c_ex.o
LOAD ./Drivers/STM32F7xx_HAL_Driver/Src/stm32f7xx_hal_ltdc.o
LOAD ./Drivers/STM32F7xx_HAL_Driver/Src/stm32f7xx_hal_ltdc_ex.o
LOAD ./Drivers/STM32F7xx_HAL_Driver/Src/stm32f7xx_hal_pwr.o
LOAD ./Drivers/STM32F7xx_HAL_Driver/Src/stm32f7xx_hal_pwr_ex.o
LOAD ./Drivers/STM32F7xx_HAL_Driver/Src/stm32f7xx_hal_rcc.o
LOAD ./Drivers/STM32F7xx_HAL_Driver/Src/stm32f7xx_hal_rcc_ex.o
LOAD ./Drivers/STM32F7xx_HAL_Driver/Src/stm32f7xx_hal_rtc.o
LOAD ./Drivers/STM32F7xx_HAL_Driver/Src/stm32f7xx_hal_rtc_ex.o
LOAD ./Drivers/STM32F7xx_HAL_Driver/Src/stm32f7xx_hal_sdram.o
LOAD ./Drivers/STM32F7xx_HAL_Driver/Src/stm32f7xx_hal_spi.o
LOAD ./Drivers/STM32F7xx_HAL_Driver/Src/stm32f7xx_hal_spi_ex.o
LOAD ./Drivers/STM32F7xx_HAL_Driver/Src/stm32f7xx_hal_tim.o
LOAD ./Drivers/STM32F7xx_HAL_Driver/Src/stm32f7xx_hal_tim_ex.o
LOAD ./Drivers/STM32F7xx_HAL_Driver/Src/stm32f7xx_hal_uart.o
LOAD ./Drivers/STM32F7xx_HAL_Driver/Src/stm32f7xx_hal_uart_ex.o
LOAD ./Drivers/STM32F7xx_HAL_Driver/Src/stm32f7xx_ll_fmc.o
START GROUP
LOAD /usr/local/st/stm32cubeide_1.11.2/plugins/com.st.stm32cube.ide.mcu.externaltools.gnu-tools-for-stm32.10.3-2021.10.linux64_1.0.100.202210260954/tools/bin/../lib/gcc/arm-none-eabi/10.3.1/../../../../arm-none-eabi/lib/thumb/v7e-m+fp/hard/libc_nano.a
LOAD /usr/local/st/stm32cubeide_1.11.2/plugins/com.st.stm32cube.ide.mcu.externaltools.gnu-tools-for-stm32.10.3-2021.10.linux64_1.0.100.202210260954/tools/bin/../lib/gcc/arm-none-eabi/10.3.1/../../../../arm-none-eabi/lib/thumb/v7e-m+fp/hard/libm.a
END GROUP
START GROUP
LOAD /usr/local/st/stm32cubeide_1.11.2/plugins/com.st.stm32cube.ide.mcu.externaltools.gnu-tools-for-stm32.10.3-2021.10.linux64_1.0.100.202210260954/tools/bin/../lib/gcc/arm-none-eabi/10.3.1/thumb/v7e-m+fp/hard/libgcc.a
LOAD /usr/local/st/stm32cubeide_1.11.2/plugins/com.st.stm32cube.ide.mcu.externaltools.gnu-tools-for-stm32.10.3-2021.10.linux64_1.0.100.202210260954/tools/bin/../lib/gcc/arm-none-eabi/10.3.1/../../../../arm-none-eabi/lib/thumb/v7e-m+fp/hard/libc_nano.a
END GROUP
START GROUP
LOAD /usr/local/st/stm32cubeide_1.11.2/plugins/com.st.stm32cube.ide.mcu.externaltools.gnu-tools-for-stm32.10.3-2021.10.linux64_1.0.100.202210260954/tools/bin/../lib/gcc/arm-none-eabi/10.3.1/thumb/v7e-m+fp/hard/libgcc.a
LOAD /usr/local/st/stm32cubeide_1.11.2/plugins/com.st.stm32cube.ide.mcu.externaltools.gnu-tools-for-stm32.10.3-2021.10.linux64_1.0.100.202210260954/tools/bin/../lib/gcc/arm-none-eabi/10.3.1/../../../../arm-none-eabi/lib/thumb/v7e-m+fp/hard/libc_nano.a
LOAD /usr/local/st/stm32cubeide_1.11.2/plugins/com.st.stm32cube.ide.mcu.externaltools.gnu-tools-for-stm32.10.3-2021.10.linux64_1.0.100.202210260954/tools/bin/../lib/gcc/arm-none-eabi/10.3.1/../../../../arm-none-eabi/lib/thumb/v7e-m+fp/hard/libnosys.a
END GROUP
START GROUP
LOAD /usr/local/st/stm32cubeide_1.11.2/plugins/com.st.stm32cube.ide.mcu.externaltools.gnu-tools-for-stm32.10.3-2021.10.linux64_1.0.100.202210260954/tools/bin/../lib/gcc/arm-none-eabi/10.3.1/thumb/v7e-m+fp/hard/libgcc.a
LOAD /usr/local/st/stm32cubeide_1.11.2/plugins/com.st.stm32cube.ide.mcu.externaltools.gnu-tools-for-stm32.10.3-2021.10.linux64_1.0.100.202210260954/tools/bin/../lib/gcc/arm-none-eabi/10.3.1/../../../../arm-none-eabi/lib/thumb/v7e-m+fp/hard/libc_nano.a
LOAD /usr/local/st/stm32cubeide_1.11.2/plugins/com.st.stm32cube.ide.mcu.externaltools.gnu-tools-for-stm32.10.3-2021.10.linux64_1.0.100.202210260954/tools/bin/../lib/gcc/arm-none-eabi/10.3.1/../../../../arm-none-eabi/lib/thumb/v7e-m+fp/hard/libnosys.a
END GROUP
LOAD /usr/local/st/stm32cubeide_1.11.2/plugins/com.st.stm32cube.ide.mcu.externaltools.gnu-tools-for-stm32.10.3-2021.10.linux64_1.0.100.202210260954/tools/bin/../lib/gcc/arm-none-eabi/10.3.1/thumb/v7e-m+fp/hard/crtend.o
LOAD /usr/local/st/stm32cubeide_1.11.2/plugins/com.st.stm32cube.ide.mcu.externaltools.gnu-tools-for-stm32.10.3-2021.10.linux64_1.0.100.202210260954/tools/bin/../lib/gcc/arm-none-eabi/10.3.1/thumb/v7e-m+fp/hard/crtn.o
                0x0000000020050000                _estack = (ORIGIN (RAM) + LENGTH (RAM))
                0x0000000000000200                _Min_Heap_Size = 0x200
                0x0000000000000400                _Min_Stack_Size = 0x400

.isr_vector     0x0000000008000000      0x1c8
                0x0000000008000000                . = ALIGN (0x4)
 *(.isr_vector)
 .isr_vector    0x0000000008000000      0x1c8 ./Core/Startup/startup_stm32f746nghx.o
                0x0000000008000000                g_pfnVectors
                0x00000000080001c8                . = ALIGN (0x4)

.text           0x00000000080001d0     0xb000
                0x00000000080001d0                . = ALIGN (0x4)
 *(.text)
 .text          0x00000000080001d0       0x40 /usr/local/st/stm32cubeide_1.11.2/plugins/com.st.stm32cube.ide.mcu.externaltools.gnu-tools-for-stm32.10.3-2021.10.linux64_1.0.100.202210260954/tools/bin/../lib/gcc/arm-none-eabi/10.3.1/thumb/v7e-m+fp/hard/crtbegin.o
 .text          0x0000000008000210       0xa0 /usr/local/st/stm32cubeide_1.11.2/plugins/com.st.stm32cube.ide.mcu.externaltools.gnu-tools-for-stm32.10.3-2021.10.linux64_1.0.100.202210260954/tools/bin/../lib/gcc/arm-none-eabi/10.3.1/../../../../arm-none-eabi/lib/thumb/v7e-m+fp/hard/libc_nano.a(lib_a-memchr.o)
                0x0000000008000210                memchr
 .text          0x00000000080002b0       0x30 /usr/local/st/stm32cubeide_1.11.2/plugins/com.st.stm32cube.ide.mcu.externaltools.gnu-tools-for-stm32.10.3-2021.10.linux64_1.0.100.202210260954/tools/bin/../lib/gcc/arm-none-eabi/10.3.1/thumb/v7e-m+fp/hard/libgcc.a(_aeabi_uldivmod.o)
                0x00000000080002b0                __aeabi_uldivmod
 .text          0x00000000080002e0      0x2d0 /usr/local/st/stm32cubeide_1.11.2/plugins/com.st.stm32cube.ide.mcu.externaltools.gnu-tools-for-stm32.10.3-2021.10.linux64_1.0.100.202210260954/tools/bin/../lib/gcc/arm-none-eabi/10.3.1/thumb/v7e-m+fp/hard/libgcc.a(_udivmoddi4.o)
                0x00000000080002e0                __udivmoddi4
 .text          0x00000000080005b0        0x4 /usr/local/st/stm32cubeide_1.11.2/plugins/com.st.stm32cube.ide.mcu.externaltools.gnu-tools-for-stm32.10.3-2021.10.linux64_1.0.100.202210260954/tools/bin/../lib/gcc/arm-none-eabi/10.3.1/thumb/v7e-m+fp/hard/libgcc.a(_dvmd_tls.o)
                0x00000000080005b0                __aeabi_ldiv0
                0x00000000080005b0                __aeabi_idiv0
 *(.text*)
 .text.MX_ADC1_Init
                0x00000000080005b4       0xa4 ./Core/Src/adc.o
                0x00000000080005b4                MX_ADC1_Init
 .text.MX_ADC3_Init
                0x0000000008000658       0xa4 ./Core/Src/adc.o
                0x0000000008000658                MX_ADC3_Init
 .text.HAL_ADC_MspInit
                0x00000000080006fc       0xdc ./Core/Src/adc.o
                0x00000000080006fc                HAL_ADC_MspInit
 .text.MX_DAC_Init
                0x00000000080007d8       0x54 ./Core/Src/dac.o
                0x00000000080007d8                MX_DAC_Init
 .text.HAL_DAC_MspInit
                0x000000000800082c       0x90 ./Core/Src/dac.o
                0x000000000800082c                HAL_DAC_MspInit
 .text.MX_DMA2D_Init
                0x00000000080008bc       0x64 ./Core/Src/dma2d.o
                0x00000000080008bc                MX_DMA2D_Init
 .text.HAL_DMA2D_MspInit
                0x0000000008000920       0x4c ./Core/Src/dma2d.o
                0x0000000008000920                HAL_DMA2D_MspInit
 .text.MX_FMC_Init
                0x000000000800096c       0xa0 ./Core/Src/fmc.o
                0x000000000800096c                MX_FMC_Init
 .text.HAL_FMC_MspInit
                0x0000000008000a0c      0x120 ./Core/Src/fmc.o
 .text.HAL_SDRAM_MspInit
                0x0000000008000b2c       0x14 ./Core/Src/fmc.o
                0x0000000008000b2c                HAL_SDRAM_MspInit
 .text.ft5336_Init
                0x0000000008000b40       0x1c ./Core/Src/ft5336.o
                0x0000000008000b40                ft5336_Init
 .text.ft5336_Reset
                0x0000000008000b5c       0x16 ./Core/Src/ft5336.o
                0x0000000008000b5c                ft5336_Reset
 .text.ft5336_ReadID
                0x0000000008000b72       0x5c ./Core/Src/ft5336.o
                0x0000000008000b72                ft5336_ReadID
 .text.ft5336_TS_Start
                0x0000000008000bce       0x22 ./Core/Src/ft5336.o
                0x0000000008000bce                ft5336_TS_Start
 .text.ft5336_TS_DetectTouch
                0x0000000008000bf0       0x54 ./Core/Src/ft5336.o
                0x0000000008000bf0                ft5336_TS_DetectTouch
 .text.ft5336_TS_GetXY
                0x0000000008000c44      0x1e0 ./Core/Src/ft5336.o
                0x0000000008000c44                ft5336_TS_GetXY
 .text.ft5336_TS_EnableIT
                0x0000000008000e24       0x28 ./Core/Src/ft5336.o
                0x0000000008000e24                ft5336_TS_EnableIT
 .text.ft5336_TS_DisableIT
                0x0000000008000e4c       0x28 ./Core/Src/ft5336.o
                0x0000000008000e4c                ft5336_TS_DisableIT
 .text.ft5336_TS_ITStatus
                0x0000000008000e74       0x18 ./Core/Src/ft5336.o
                0x0000000008000e74                ft5336_TS_ITStatus
 .text.ft5336_TS_ClearIT
                0x0000000008000e8c       0x16 ./Core/Src/ft5336.o
                0x0000000008000e8c                ft5336_TS_ClearIT
 .text.ft5336_TS_GetGestureID
                0x0000000008000ea2       0x32 ./Core/Src/ft5336.o
                0x0000000008000ea2                ft5336_TS_GetGestureID
 .text.ft5336_TS_GetTouchInfo
                0x0000000008000ed4      0x15c ./Core/Src/ft5336.o
                0x0000000008000ed4                ft5336_TS_GetTouchInfo
 .text.ft5336_Get_I2C_InitializedStatus
                0x0000000008001030       0x18 ./Core/Src/ft5336.o
 .text.ft5336_I2C_InitializeIfRequired
                0x0000000008001048       0x20 ./Core/Src/ft5336.o
 .text.ft5336_TS_Configure
                0x0000000008001068       0x1c ./Core/Src/ft5336.o
 .text.MX_GPIO_Init
                0x0000000008001084      0x580 ./Core/Src/gpio.o
                0x0000000008001084                MX_GPIO_Init
 .text.MX_I2C1_Init
                0x0000000008001604       0x80 ./Core/Src/i2c.o
                0x0000000008001604                MX_I2C1_Init
 .text.MX_I2C3_Init
                0x0000000008001684       0x80 ./Core/Src/i2c.o
                0x0000000008001684                MX_I2C3_Init
 .text.HAL_I2C_MspInit
                0x0000000008001704      0x150 ./Core/Src/i2c.o
                0x0000000008001704                HAL_I2C_MspInit
 .text.HAL_I2C_MspDeInit
                0x0000000008001854       0x78 ./Core/Src/i2c.o
                0x0000000008001854                HAL_I2C_MspDeInit
 .text.MX_LTDC_Init
                0x00000000080018cc      0x104 ./Core/Src/ltdc.o
                0x00000000080018cc                MX_LTDC_Init
 .text.HAL_LTDC_MspInit
                0x00000000080019d0      0x204 ./Core/Src/ltdc.o
                0x00000000080019d0                HAL_LTDC_MspInit
 .text.main     0x0000000008001bd4      0x268 ./Core/Src/main.o
                0x0000000008001bd4                main
 .text.SystemClock_Config
                0x0000000008001e3c       0xe4 ./Core/Src/main.o
                0x0000000008001e3c                SystemClock_Config
 .text.HAL_TIM_PeriodElapsedCallback
                0x0000000008001f20       0x24 ./Core/Src/main.o
                0x0000000008001f20                HAL_TIM_PeriodElapsedCallback
 .text.Error_Handler
                0x0000000008001f44        0xa ./Core/Src/main.o
                0x0000000008001f44                Error_Handler
 *fill*         0x0000000008001f4e        0x2 
 .text.MX_RTC_Init
                0x0000000008001f50      0x148 ./Core/Src/rtc.o
                0x0000000008001f50                MX_RTC_Init
 .text.HAL_RTC_MspInit
                0x0000000008002098       0x5c ./Core/Src/rtc.o
                0x0000000008002098                HAL_RTC_MspInit
 .text.MX_SPI2_Init
                0x00000000080020f4       0x7c ./Core/Src/spi.o
                0x00000000080020f4                MX_SPI2_Init
 .text.HAL_SPI_MspInit
                0x0000000008002170       0xc4 ./Core/Src/spi.o
                0x0000000008002170                HAL_SPI_MspInit
 .text.I2Cx_MspInit
                0x0000000008002234      0x160 ./Core/Src/stm32746g_discovery.o
 .text.I2Cx_Init
                0x0000000008002394       0x78 ./Core/Src/stm32746g_discovery.o
 .text.I2Cx_ReadMultiple
                0x000000000800240c       0x5a ./Core/Src/stm32746g_discovery.o
 .text.I2Cx_WriteMultiple
                0x0000000008002466       0x5a ./Core/Src/stm32746g_discovery.o
 .text.I2Cx_Error
                0x00000000080024c0       0x20 ./Core/Src/stm32746g_discovery.o
 .text.TS_IO_Init
                0x00000000080024e0       0x14 ./Core/Src/stm32746g_discovery.o
                0x00000000080024e0                TS_IO_Init
 .text.TS_IO_Write
                0x00000000080024f4       0x34 ./Core/Src/stm32746g_discovery.o
                0x00000000080024f4                TS_IO_Write
 .text.TS_IO_Read
                0x0000000008002528       0x3c ./Core/Src/stm32746g_discovery.o
                0x0000000008002528                TS_IO_Read
 .text.TS_IO_Delay
                0x0000000008002564       0x16 ./Core/Src/stm32746g_discovery.o
                0x0000000008002564                TS_IO_Delay
 *fill*         0x000000000800257a        0x2 
 .text.BSP_LCD_Init
                0x000000000800257c       0xe0 ./Core/Src/stm32746g_discovery_lcd.o
                0x000000000800257c                BSP_LCD_Init
 .text.BSP_LCD_GetXSize
                0x000000000800265c       0x28 ./Core/Src/stm32746g_discovery_lcd.o
                0x000000000800265c                BSP_LCD_GetXSize
 .text.BSP_LCD_GetYSize
                0x0000000008002684       0x28 ./Core/Src/stm32746g_discovery_lcd.o
                0x0000000008002684                BSP_LCD_GetYSize
 .text.BSP_LCD_LayerDefaultInit
                0x00000000080026ac       0xc0 ./Core/Src/stm32746g_discovery_lcd.o
                0x00000000080026ac                BSP_LCD_LayerDefaultInit
 .text.BSP_LCD_SelectLayer
                0x000000000800276c       0x20 ./Core/Src/stm32746g_discovery_lcd.o
                0x000000000800276c                BSP_LCD_SelectLayer
 .text.BSP_LCD_SetTextColor
                0x000000000800278c       0x30 ./Core/Src/stm32746g_discovery_lcd.o
                0x000000000800278c                BSP_LCD_SetTextColor
 .text.BSP_LCD_SetBackColor
                0x00000000080027bc       0x34 ./Core/Src/stm32746g_discovery_lcd.o
                0x00000000080027bc                BSP_LCD_SetBackColor
 .text.BSP_LCD_SetFont
                0x00000000080027f0       0x34 ./Core/Src/stm32746g_discovery_lcd.o
                0x00000000080027f0                BSP_LCD_SetFont
 .text.BSP_LCD_GetFont
                0x0000000008002824       0x2c ./Core/Src/stm32746g_discovery_lcd.o
                0x0000000008002824                BSP_LCD_GetFont
 .text.BSP_LCD_Clear
                0x0000000008002850       0x50 ./Core/Src/stm32746g_discovery_lcd.o
                0x0000000008002850                BSP_LCD_Clear
 .text.BSP_LCD_DisplayChar
                0x00000000080028a0       0x88 ./Core/Src/stm32746g_discovery_lcd.o
                0x00000000080028a0                BSP_LCD_DisplayChar
 .text.BSP_LCD_DisplayStringAt
                0x0000000008002928      0x190 ./Core/Src/stm32746g_discovery_lcd.o
                0x0000000008002928                BSP_LCD_DisplayStringAt
 .text.BSP_LCD_DisplayStringAtLine
                0x0000000008002ab8       0x2e ./Core/Src/stm32746g_discovery_lcd.o
                0x0000000008002ab8                BSP_LCD_DisplayStringAtLine
 *fill*         0x0000000008002ae6        0x2 
 .text.BSP_LCD_DrawHLine
                0x0000000008002ae8       0xbc ./Core/Src/stm32746g_discovery_lcd.o
                0x0000000008002ae8                BSP_LCD_DrawHLine
 .text.BSP_LCD_DrawCircle
                0x0000000008002ba4      0x1d4 ./Core/Src/stm32746g_discovery_lcd.o
                0x0000000008002ba4                BSP_LCD_DrawCircle
 .text.BSP_LCD_DrawPixel
                0x0000000008002d78       0x90 ./Core/Src/stm32746g_discovery_lcd.o
                0x0000000008002d78                BSP_LCD_DrawPixel
 .text.BSP_LCD_DrawBitmap
                0x0000000008002e08      0x164 ./Core/Src/stm32746g_discovery_lcd.o
                0x0000000008002e08                BSP_LCD_DrawBitmap
 .text.BSP_LCD_FillCircle
                0x0000000008002f6c      0x140 ./Core/Src/stm32746g_discovery_lcd.o
                0x0000000008002f6c                BSP_LCD_FillCircle
 .text.BSP_LCD_DisplayOn
                0x00000000080030ac       0x3c ./Core/Src/stm32746g_discovery_lcd.o
                0x00000000080030ac                BSP_LCD_DisplayOn
 .text.BSP_LCD_MspInit
                0x00000000080030e8      0x1b4 ./Core/Src/stm32746g_discovery_lcd.o
                0x00000000080030e8                BSP_LCD_MspInit
 .text.BSP_LCD_ClockConfig
                0x000000000800329c       0x38 ./Core/Src/stm32746g_discovery_lcd.o
                0x000000000800329c                BSP_LCD_ClockConfig
 .text.DrawChar
                0x00000000080032d4      0x170 ./Core/Src/stm32746g_discovery_lcd.o
 .text.LL_FillBuffer
                0x0000000008003444       0x98 ./Core/Src/stm32746g_discovery_lcd.o
 .text.LL_ConvertLineToARGB8888
                0x00000000080034dc       0x88 ./Core/Src/stm32746g_discovery_lcd.o
 .text.BSP_SDRAM_Init
                0x0000000008003564       0xbc ./Core/Src/stm32746g_discovery_sdram.o
                0x0000000008003564                BSP_SDRAM_Init
 .text.BSP_SDRAM_Initialization_sequence
                0x0000000008003620       0xc0 ./Core/Src/stm32746g_discovery_sdram.o
                0x0000000008003620                BSP_SDRAM_Initialization_sequence
 .text.BSP_SDRAM_MspInit
                0x00000000080036e0      0x1f0 ./Core/Src/stm32746g_discovery_sdram.o
                0x00000000080036e0                BSP_SDRAM_MspInit
 .text.BSP_TS_Init
                0x00000000080038d0       0x80 ./Core/Src/stm32746g_discovery_ts.o
                0x00000000080038d0                BSP_TS_Init
 .text.BSP_TS_GetState
                0x0000000008003950      0x374 ./Core/Src/stm32746g_discovery_ts.o
                0x0000000008003950                BSP_TS_GetState
 .text.BSP_TS_Get_GestureId
                0x0000000008003cc4      0x104 ./Core/Src/stm32746g_discovery_ts.o
                0x0000000008003cc4                BSP_TS_Get_GestureId
 .text.HAL_MspInit
                0x0000000008003dc8       0x48 ./Core/Src/stm32f7xx_hal_msp.o
                0x0000000008003dc8                HAL_MspInit
 .text.HAL_InitTick
                0x0000000008003e10       0xf4 ./Core/Src/stm32f7xx_hal_timebase_tim.o
                0x0000000008003e10                HAL_InitTick
 .text.NMI_Handler
                0x0000000008003f04        0x6 ./Core/Src/stm32f7xx_it.o
                0x0000000008003f04                NMI_Handler
 .text.HardFault_Handler
                0x0000000008003f0a        0x6 ./Core/Src/stm32f7xx_it.o
                0x0000000008003f0a                HardFault_Handler
 .text.MemManage_Handler
                0x0000000008003f10        0x6 ./Core/Src/stm32f7xx_it.o
                0x0000000008003f10                MemManage_Handler
 .text.BusFault_Handler
                0x0000000008003f16        0x6 ./Core/Src/stm32f7xx_it.o
                0x0000000008003f16                BusFault_Handler
 .text.UsageFault_Handler
                0x0000000008003f1c        0x6 ./Core/Src/stm32f7xx_it.o
                0x0000000008003f1c                UsageFault_Handler
 .text.SVC_Handler
                0x0000000008003f22        0xe ./Core/Src/stm32f7xx_it.o
                0x0000000008003f22                SVC_Handler
 .text.DebugMon_Handler
                0x0000000008003f30        0xe ./Core/Src/stm32f7xx_it.o
                0x0000000008003f30                DebugMon_Handler
 .text.PendSV_Handler
                0x0000000008003f3e        0xe ./Core/Src/stm32f7xx_it.o
                0x0000000008003f3e                PendSV_Handler
 .text.SysTick_Handler
                0x0000000008003f4c        0xe ./Core/Src/stm32f7xx_it.o
                0x0000000008003f4c                SysTick_Handler
 *fill*         0x0000000008003f5a        0x2 
 .text.TIM6_DAC_IRQHandler
                0x0000000008003f5c       0x28 ./Core/Src/stm32f7xx_it.o
                0x0000000008003f5c                TIM6_DAC_IRQHandler
 .text.LTDC_IRQHandler
                0x0000000008003f84       0x14 ./Core/Src/stm32f7xx_it.o
                0x0000000008003f84                LTDC_IRQHandler
 .text.DMA2D_IRQHandler
                0x0000000008003f98       0x14 ./Core/Src/stm32f7xx_it.o
                0x0000000008003f98                DMA2D_IRQHandler
 .text._sbrk    0x0000000008003fac       0x6c ./Core/Src/sysmem.o
                0x0000000008003fac                _sbrk
 .text.SystemInit
                0x0000000008004018       0x24 ./Core/Src/system_stm32f7xx.o
                0x0000000008004018                SystemInit
 .text.MX_TIM1_Init
                0x000000000800403c       0xa8 ./Core/Src/tim.o
                0x000000000800403c                MX_TIM1_Init
 .text.MX_TIM2_Init
                0x00000000080040e4       0x9c ./Core/Src/tim.o
                0x00000000080040e4                MX_TIM2_Init
 .text.MX_TIM3_Init
                0x0000000008004180       0x9c ./Core/Src/tim.o
                0x0000000008004180                MX_TIM3_Init
 .text.MX_TIM5_Init
                0x000000000800421c       0x9c ./Core/Src/tim.o
                0x000000000800421c                MX_TIM5_Init
 .text.MX_TIM8_Init
                0x00000000080042b8       0xa8 ./Core/Src/tim.o
                0x00000000080042b8                MX_TIM8_Init
 .text.HAL_TIM_Base_MspInit
                0x0000000008004360      0x124 ./Core/Src/tim.o
                0x0000000008004360                HAL_TIM_Base_MspInit
 .text.MX_UART7_Init
                0x0000000008004484       0x60 ./Core/Src/usart.o
                0x0000000008004484                MX_UART7_Init
 .text.MX_USART1_UART_Init
                0x00000000080044e4       0x60 ./Core/Src/usart.o
                0x00000000080044e4                MX_USART1_UART_Init
 .text.MX_USART6_UART_Init
                0x0000000008004544       0x60 ./Core/Src/usart.o
                0x0000000008004544                MX_USART6_UART_Init
 .text.HAL_UART_MspInit
                0x00000000080045a4      0x220 ./Core/Src/usart.o
                0x00000000080045a4                HAL_UART_MspInit
 .text.Reset_Handler
                0x00000000080047c4       0x50 ./Core/Startup/startup_stm32f746nghx.o
                0x00000000080047c4                Reset_Handler
 .text.Default_Handler
                0x0000000008004814        0x2 ./Core/Startup/startup_stm32f746nghx.o
                0x0000000008004814                RTC_Alarm_IRQHandler
                0x0000000008004814                EXTI2_IRQHandler
                0x0000000008004814                TIM8_CC_IRQHandler
                0x0000000008004814                UART8_IRQHandler
                0x0000000008004814                SPI4_IRQHandler
                0x0000000008004814                TIM1_CC_IRQHandler
                0x0000000008004814                DMA2_Stream5_IRQHandler
                0x0000000008004814                DMA1_Stream5_IRQHandler
                0x0000000008004814                PVD_IRQHandler
                0x0000000008004814                TAMP_STAMP_IRQHandler
                0x0000000008004814                CAN2_RX1_IRQHandler
                0x0000000008004814                EXTI3_IRQHandler
                0x0000000008004814                TIM8_TRG_COM_TIM14_IRQHandler
                0x0000000008004814                TIM1_UP_TIM10_IRQHandler
                0x0000000008004814                TIM8_UP_TIM13_IRQHandler
                0x0000000008004814                I2C3_ER_IRQHandler
                0x0000000008004814                EXTI0_IRQHandler
                0x0000000008004814                I2C2_EV_IRQHandler
                0x0000000008004814                DMA1_Stream2_IRQHandler
                0x0000000008004814                CAN1_RX0_IRQHandler
                0x0000000008004814                FPU_IRQHandler
                0x0000000008004814                OTG_HS_WKUP_IRQHandler
                0x0000000008004814                LTDC_ER_IRQHandler
                0x0000000008004814                CAN2_SCE_IRQHandler
                0x0000000008004814                DMA2_Stream2_IRQHandler
                0x0000000008004814                SPI1_IRQHandler
                0x0000000008004814                TIM1_BRK_TIM9_IRQHandler
                0x0000000008004814                DCMI_IRQHandler
                0x0000000008004814                CAN2_RX0_IRQHandler
                0x0000000008004814                DMA2_Stream3_IRQHandler
                0x0000000008004814                SAI2_IRQHandler
                0x0000000008004814                USART6_IRQHandler
                0x0000000008004814                USART3_IRQHandler
                0x0000000008004814                CAN1_RX1_IRQHandler
                0x0000000008004814                UART5_IRQHandler
                0x0000000008004814                DMA2_Stream0_IRQHandler
                0x0000000008004814                TIM4_IRQHandler
                0x0000000008004814                QUADSPI_IRQHandler
                0x0000000008004814                I2C1_EV_IRQHandler
                0x0000000008004814                DMA1_Stream6_IRQHandler
                0x0000000008004814                DMA1_Stream1_IRQHandler
                0x0000000008004814                UART4_IRQHandler
                0x0000000008004814                TIM3_IRQHandler
                0x0000000008004814                RCC_IRQHandler
                0x0000000008004814                TIM8_BRK_TIM12_IRQHandler
                0x0000000008004814                Default_Handler
                0x0000000008004814                CEC_IRQHandler
                0x0000000008004814                EXTI15_10_IRQHandler
                0x0000000008004814                ADC_IRQHandler
                0x0000000008004814                DMA1_Stream7_IRQHandler
                0x0000000008004814                SPI5_IRQHandler
                0x0000000008004814                TIM7_IRQHandler
                0x0000000008004814                SDMMC1_IRQHandler
                0x0000000008004814                CAN2_TX_IRQHandler
                0x0000000008004814                TIM5_IRQHandler
                0x0000000008004814                DMA2_Stream7_IRQHandler
                0x0000000008004814                I2C3_EV_IRQHandler
                0x0000000008004814                EXTI9_5_IRQHandler
                0x0000000008004814                RTC_WKUP_IRQHandler
                0x0000000008004814                ETH_WKUP_IRQHandler
                0x0000000008004814                SPDIF_RX_IRQHandler
                0x0000000008004814                SPI2_IRQHandler
                0x0000000008004814                OTG_HS_EP1_IN_IRQHandler
                0x0000000008004814                DMA1_Stream0_IRQHandler
                0x0000000008004814                CAN1_TX_IRQHandler
                0x0000000008004814                EXTI4_IRQHandler
                0x0000000008004814                RNG_IRQHandler
                0x0000000008004814                ETH_IRQHandler
                0x0000000008004814                OTG_HS_EP1_OUT_IRQHandler
                0x0000000008004814                WWDG_IRQHandler
                0x0000000008004814                SPI6_IRQHandler
                0x0000000008004814                I2C4_EV_IRQHandler
                0x0000000008004814                TIM2_IRQHandler
                0x0000000008004814                OTG_FS_WKUP_IRQHandler
                0x0000000008004814                TIM1_TRG_COM_TIM11_IRQHandler
                0x0000000008004814                OTG_HS_IRQHandler
                0x0000000008004814                EXTI1_IRQHandler
                0x0000000008004814                UART7_IRQHandler
                0x0000000008004814                USART2_IRQHandler
                0x0000000008004814                I2C2_ER_IRQHandler
                0x0000000008004814                DMA2_Stream1_IRQHandler
                0x0000000008004814                CAN1_SCE_IRQHandler
                0x0000000008004814                FLASH_IRQHandler
                0x0000000008004814                DMA2_Stream4_IRQHandler
                0x0000000008004814                USART1_IRQHandler
                0x0000000008004814                OTG_FS_IRQHandler
                0x0000000008004814                SPI3_IRQHandler
                0x0000000008004814                DMA1_Stream4_IRQHandler
                0x0000000008004814                I2C1_ER_IRQHandler
                0x0000000008004814                FMC_IRQHandler
                0x0000000008004814                LPTIM1_IRQHandler
                0x0000000008004814                I2C4_ER_IRQHandler
                0x0000000008004814                DMA2_Stream6_IRQHandler
                0x0000000008004814                SAI1_IRQHandler
                0x0000000008004814                DMA1_Stream3_IRQHandler
 .text.HAL_Init
                0x0000000008004816       0x1a ./Drivers/STM32F7xx_HAL_Driver/Src/stm32f7xx_hal.o
                0x0000000008004816                HAL_Init
 .text.HAL_IncTick
                0x0000000008004830       0x28 ./Drivers/STM32F7xx_HAL_Driver/Src/stm32f7xx_hal.o
                0x0000000008004830                HAL_IncTick
 .text.HAL_GetTick
                0x0000000008004858       0x18 ./Drivers/STM32F7xx_HAL_Driver/Src/stm32f7xx_hal.o
                0x0000000008004858                HAL_GetTick
 .text.HAL_Delay
                0x0000000008004870       0x48 ./Drivers/STM32F7xx_HAL_Driver/Src/stm32f7xx_hal.o
                0x0000000008004870                HAL_Delay
 .text.HAL_ADC_Init
                0x00000000080048b8       0x88 ./Drivers/STM32F7xx_HAL_Driver/Src/stm32f7xx_hal_adc.o
                0x00000000080048b8                HAL_ADC_Init
 .text.HAL_ADC_Start
                0x0000000008004940      0x19c ./Drivers/STM32F7xx_HAL_Driver/Src/stm32f7xx_hal_adc.o
                0x0000000008004940                HAL_ADC_Start
 .text.HAL_ADC_PollForConversion
                0x0000000008004adc      0x116 ./Drivers/STM32F7xx_HAL_Driver/Src/stm32f7xx_hal_adc.o
                0x0000000008004adc                HAL_ADC_PollForConversion
 .text.HAL_ADC_GetValue
                0x0000000008004bf2       0x1a ./Drivers/STM32F7xx_HAL_Driver/Src/stm32f7xx_hal_adc.o
                0x0000000008004bf2                HAL_ADC_GetValue
 .text.HAL_ADC_ConfigChannel
                0x0000000008004c0c      0x2ac ./Drivers/STM32F7xx_HAL_Driver/Src/stm32f7xx_hal_adc.o
                0x0000000008004c0c                HAL_ADC_ConfigChannel
 .text.ADC_Init
                0x0000000008004eb8      0x1f4 ./Drivers/STM32F7xx_HAL_Driver/Src/stm32f7xx_hal_adc.o
 .text.__NVIC_SetPriorityGrouping
                0x00000000080050ac       0x48 ./Drivers/STM32F7xx_HAL_Driver/Src/stm32f7xx_hal_cortex.o
 .text.__NVIC_GetPriorityGrouping
                0x00000000080050f4       0x1c ./Drivers/STM32F7xx_HAL_Driver/Src/stm32f7xx_hal_cortex.o
 .text.__NVIC_EnableIRQ
                0x0000000008005110       0x3c ./Drivers/STM32F7xx_HAL_Driver/Src/stm32f7xx_hal_cortex.o
 .text.__NVIC_SetPriority
                0x000000000800514c       0x54 ./Drivers/STM32F7xx_HAL_Driver/Src/stm32f7xx_hal_cortex.o
 .text.NVIC_EncodePriority
                0x00000000080051a0       0x66 ./Drivers/STM32F7xx_HAL_Driver/Src/stm32f7xx_hal_cortex.o
 .text.HAL_NVIC_SetPriorityGrouping
                0x0000000008005206       0x16 ./Drivers/STM32F7xx_HAL_Driver/Src/stm32f7xx_hal_cortex.o
                0x0000000008005206                HAL_NVIC_SetPriorityGrouping
 .text.HAL_NVIC_SetPriority
                0x000000000800521c       0x38 ./Drivers/STM32F7xx_HAL_Driver/Src/stm32f7xx_hal_cortex.o
                0x000000000800521c                HAL_NVIC_SetPriority
 .text.HAL_NVIC_EnableIRQ
                0x0000000008005254       0x1c ./Drivers/STM32F7xx_HAL_Driver/Src/stm32f7xx_hal_cortex.o
                0x0000000008005254                HAL_NVIC_EnableIRQ
 .text.HAL_DAC_Init
                0x0000000008005270       0x44 ./Drivers/STM32F7xx_HAL_Driver/Src/stm32f7xx_hal_dac.o
                0x0000000008005270                HAL_DAC_Init
 .text.HAL_DAC_IRQHandler
                0x00000000080052b4       0xb4 ./Drivers/STM32F7xx_HAL_Driver/Src/stm32f7xx_hal_dac.o
                0x00000000080052b4                HAL_DAC_IRQHandler
 .text.HAL_DAC_DMAUnderrunCallbackCh1
                0x0000000008005368       0x14 ./Drivers/STM32F7xx_HAL_Driver/Src/stm32f7xx_hal_dac.o
                0x0000000008005368                HAL_DAC_DMAUnderrunCallbackCh1
 .text.HAL_DAC_ConfigChannel
                0x000000000800537c       0x9e ./Drivers/STM32F7xx_HAL_Driver/Src/stm32f7xx_hal_dac.o
                0x000000000800537c                HAL_DAC_ConfigChannel
 .text.HAL_DACEx_DMAUnderrunCallbackCh2
                0x000000000800541a       0x14 ./Drivers/STM32F7xx_HAL_Driver/Src/stm32f7xx_hal_dac_ex.o
                0x000000000800541a                HAL_DACEx_DMAUnderrunCallbackCh2
 *fill*         0x000000000800542e        0x2 
 .text.HAL_DMA_Init
                0x0000000008005430      0x15c ./Drivers/STM32F7xx_HAL_Driver/Src/stm32f7xx_hal_dma.o
                0x0000000008005430                HAL_DMA_Init
 .text.HAL_DMA_DeInit
                0x000000000800558c       0xbc ./Drivers/STM32F7xx_HAL_Driver/Src/stm32f7xx_hal_dma.o
                0x000000000800558c                HAL_DMA_DeInit
 .text.DMA_CalcBaseAndBitshift
                0x0000000008005648       0x6c ./Drivers/STM32F7xx_HAL_Driver/Src/stm32f7xx_hal_dma.o
 .text.DMA_CheckFifoParam
                0x00000000080056b4       0xf8 ./Drivers/STM32F7xx_HAL_Driver/Src/stm32f7xx_hal_dma.o
 .text.HAL_DMA2D_Init
                0x00000000080057ac       0x94 ./Drivers/STM32F7xx_HAL_Driver/Src/stm32f7xx_hal_dma2d.o
                0x00000000080057ac                HAL_DMA2D_Init
 .text.HAL_DMA2D_Start
                0x0000000008005840       0x56 ./Drivers/STM32F7xx_HAL_Driver/Src/stm32f7xx_hal_dma2d.o
                0x0000000008005840                HAL_DMA2D_Start
 .text.HAL_DMA2D_PollForTransfer
                0x0000000008005896      0x1d2 ./Drivers/STM32F7xx_HAL_Driver/Src/stm32f7xx_hal_dma2d.o
                0x0000000008005896                HAL_DMA2D_PollForTransfer
 .text.HAL_DMA2D_IRQHandler
                0x0000000008005a68      0x1f8 ./Drivers/STM32F7xx_HAL_Driver/Src/stm32f7xx_hal_dma2d.o
                0x0000000008005a68                HAL_DMA2D_IRQHandler
 .text.HAL_DMA2D_LineEventCallback
                0x0000000008005c60       0x14 ./Drivers/STM32F7xx_HAL_Driver/Src/stm32f7xx_hal_dma2d.o
                0x0000000008005c60                HAL_DMA2D_LineEventCallback
 .text.HAL_DMA2D_CLUTLoadingCpltCallback
                0x0000000008005c74       0x14 ./Drivers/STM32F7xx_HAL_Driver/Src/stm32f7xx_hal_dma2d.o
                0x0000000008005c74                HAL_DMA2D_CLUTLoadingCpltCallback
 .text.HAL_DMA2D_ConfigLayer
                0x0000000008005c88      0x124 ./Drivers/STM32F7xx_HAL_Driver/Src/stm32f7xx_hal_dma2d.o
                0x0000000008005c88                HAL_DMA2D_ConfigLayer
 .text.DMA2D_SetConfig
                0x0000000008005dac      0x138 ./Drivers/STM32F7xx_HAL_Driver/Src/stm32f7xx_hal_dma2d.o
 .text.HAL_GPIO_Init
                0x0000000008005ee4      0x358 ./Drivers/STM32F7xx_HAL_Driver/Src/stm32f7xx_hal_gpio.o
                0x0000000008005ee4                HAL_GPIO_Init
 .text.HAL_GPIO_DeInit
                0x000000000800623c      0x218 ./Drivers/STM32F7xx_HAL_Driver/Src/stm32f7xx_hal_gpio.o
                0x000000000800623c                HAL_GPIO_DeInit
 .text.HAL_GPIO_ReadPin
                0x0000000008006454       0x30 ./Drivers/STM32F7xx_HAL_Driver/Src/stm32f7xx_hal_gpio.o
                0x0000000008006454                HAL_GPIO_ReadPin
 .text.HAL_GPIO_WritePin
                0x0000000008006484       0x32 ./Drivers/STM32F7xx_HAL_Driver/Src/stm32f7xx_hal_gpio.o
                0x0000000008006484                HAL_GPIO_WritePin
 *fill*         0x00000000080064b6        0x2 
 .text.HAL_I2C_Init
                0x00000000080064b8      0x120 ./Drivers/STM32F7xx_HAL_Driver/Src/stm32f7xx_hal_i2c.o
                0x00000000080064b8                HAL_I2C_Init
 .text.HAL_I2C_DeInit
                0x00000000080065d8       0x5e ./Drivers/STM32F7xx_HAL_Driver/Src/stm32f7xx_hal_i2c.o
                0x00000000080065d8                HAL_I2C_DeInit
 *fill*         0x0000000008006636        0x2 
 .text.HAL_I2C_Mem_Write
                0x0000000008006638      0x228 ./Drivers/STM32F7xx_HAL_Driver/Src/stm32f7xx_hal_i2c.o
                0x0000000008006638                HAL_I2C_Mem_Write
 .text.HAL_I2C_Mem_Read
                0x0000000008006860      0x234 ./Drivers/STM32F7xx_HAL_Driver/Src/stm32f7xx_hal_i2c.o
                0x0000000008006860                HAL_I2C_Mem_Read
 .text.HAL_I2C_GetState
                0x0000000008006a94       0x1c ./Drivers/STM32F7xx_HAL_Driver/Src/stm32f7xx_hal_i2c.o
                0x0000000008006a94                HAL_I2C_GetState
 .text.I2C_RequestMemoryWrite
                0x0000000008006ab0       0xa8 ./Drivers/STM32F7xx_HAL_Driver/Src/stm32f7xx_hal_i2c.o
 .text.I2C_RequestMemoryRead
                0x0000000008006b58       0xa8 ./Drivers/STM32F7xx_HAL_Driver/Src/stm32f7xx_hal_i2c.o
 .text.I2C_Flush_TXDR
                0x0000000008006c00       0x48 ./Drivers/STM32F7xx_HAL_Driver/Src/stm32f7xx_hal_i2c.o
 .text.I2C_WaitOnFlagUntilTimeout
                0x0000000008006c48       0x80 ./Drivers/STM32F7xx_HAL_Driver/Src/stm32f7xx_hal_i2c.o
 .text.I2C_WaitOnTXISFlagUntilTimeout
                0x0000000008006cc8       0x80 ./Drivers/STM32F7xx_HAL_Driver/Src/stm32f7xx_hal_i2c.o
 .text.I2C_WaitOnSTOPFlagUntilTimeout
                0x0000000008006d48       0x78 ./Drivers/STM32F7xx_HAL_Driver/Src/stm32f7xx_hal_i2c.o
 .text.I2C_IsErrorOccurred
                0x0000000008006dc0      0x1c0 ./Drivers/STM32F7xx_HAL_Driver/Src/stm32f7xx_hal_i2c.o
 .text.I2C_TransferConfig
                0x0000000008006f80       0x64 ./Drivers/STM32F7xx_HAL_Driver/Src/stm32f7xx_hal_i2c.o
 .text.HAL_I2CEx_ConfigAnalogFilter
                0x0000000008006fe4       0x96 ./Drivers/STM32F7xx_HAL_Driver/Src/stm32f7xx_hal_i2c_ex.o
                0x0000000008006fe4                HAL_I2CEx_ConfigAnalogFilter
 .text.HAL_I2CEx_ConfigDigitalFilter
                0x000000000800707a       0x98 ./Drivers/STM32F7xx_HAL_Driver/Src/stm32f7xx_hal_i2c_ex.o
                0x000000000800707a                HAL_I2CEx_ConfigDigitalFilter
 *fill*         0x0000000008007112        0x2 
 .text.HAL_LTDC_Init
                0x0000000008007114      0x1a0 ./Drivers/STM32F7xx_HAL_Driver/Src/stm32f7xx_hal_ltdc.o
                0x0000000008007114                HAL_LTDC_Init
 .text.HAL_LTDC_IRQHandler
                0x00000000080072b4      0x148 ./Drivers/STM32F7xx_HAL_Driver/Src/stm32f7xx_hal_ltdc.o
                0x00000000080072b4                HAL_LTDC_IRQHandler
 .text.HAL_LTDC_ErrorCallback
                0x00000000080073fc       0x14 ./Drivers/STM32F7xx_HAL_Driver/Src/stm32f7xx_hal_ltdc.o
                0x00000000080073fc                HAL_LTDC_ErrorCallback
 .text.HAL_LTDC_LineEventCallback
                0x0000000008007410       0x14 ./Drivers/STM32F7xx_HAL_Driver/Src/stm32f7xx_hal_ltdc.o
                0x0000000008007410                HAL_LTDC_LineEventCallback
 .text.HAL_LTDC_ReloadEventCallback
                0x0000000008007424       0x14 ./Drivers/STM32F7xx_HAL_Driver/Src/stm32f7xx_hal_ltdc.o
                0x0000000008007424                HAL_LTDC_ReloadEventCallback
 .text.HAL_LTDC_ConfigLayer
                0x0000000008007438       0x7c ./Drivers/STM32F7xx_HAL_Driver/Src/stm32f7xx_hal_ltdc.o
                0x0000000008007438                HAL_LTDC_ConfigLayer
 .text.HAL_LTDC_GetState
                0x00000000080074b4       0x1c ./Drivers/STM32F7xx_HAL_Driver/Src/stm32f7xx_hal_ltdc.o
                0x00000000080074b4                HAL_LTDC_GetState
 .text.LTDC_SetConfig
                0x00000000080074d0      0x334 ./Drivers/STM32F7xx_HAL_Driver/Src/stm32f7xx_hal_ltdc.o
 .text.HAL_PWR_EnableBkUpAccess
                0x0000000008007804       0x20 ./Drivers/STM32F7xx_HAL_Driver/Src/stm32f7xx_hal_pwr.o
                0x0000000008007804                HAL_PWR_EnableBkUpAccess
 .text.HAL_PWREx_EnableOverDrive
                0x0000000008007824       0xa0 ./Drivers/STM32F7xx_HAL_Driver/Src/stm32f7xx_hal_pwr_ex.o
                0x0000000008007824                HAL_PWREx_EnableOverDrive
 .text.HAL_RCC_OscConfig
                0x00000000080078c4      0x548 ./Drivers/STM32F7xx_HAL_Driver/Src/stm32f7xx_hal_rcc.o
                0x00000000080078c4                HAL_RCC_OscConfig
 .text.HAL_RCC_ClockConfig
                0x0000000008007e0c      0x1d8 ./Drivers/STM32F7xx_HAL_Driver/Src/stm32f7xx_hal_rcc.o
                0x0000000008007e0c                HAL_RCC_ClockConfig
 .text.HAL_RCC_GetSysClockFreq
                0x0000000008007fe4      0x18c ./Drivers/STM32F7xx_HAL_Driver/Src/stm32f7xx_hal_rcc.o
                0x0000000008007fe4                HAL_RCC_GetSysClockFreq
 .text.HAL_RCC_GetHCLKFreq
                0x0000000008008170       0x18 ./Drivers/STM32F7xx_HAL_Driver/Src/stm32f7xx_hal_rcc.o
                0x0000000008008170                HAL_RCC_GetHCLKFreq
 .text.HAL_RCC_GetPCLK1Freq
                0x0000000008008188       0x28 ./Drivers/STM32F7xx_HAL_Driver/Src/stm32f7xx_hal_rcc.o
                0x0000000008008188                HAL_RCC_GetPCLK1Freq
 .text.HAL_RCC_GetPCLK2Freq
                0x00000000080081b0       0x28 ./Drivers/STM32F7xx_HAL_Driver/Src/stm32f7xx_hal_rcc.o
                0x00000000080081b0                HAL_RCC_GetPCLK2Freq
 .text.HAL_RCC_GetClockConfig
                0x00000000080081d8       0x64 ./Drivers/STM32F7xx_HAL_Driver/Src/stm32f7xx_hal_rcc.o
                0x00000000080081d8                HAL_RCC_GetClockConfig
 .text.HAL_RCCEx_PeriphCLKConfig
                0x000000000800823c      0x7e0 ./Drivers/STM32F7xx_HAL_Driver/Src/stm32f7xx_hal_rcc_ex.o
                0x000000000800823c                HAL_RCCEx_PeriphCLKConfig
 .text.HAL_RTC_Init
                0x0000000008008a1c      0x108 ./Drivers/STM32F7xx_HAL_Driver/Src/stm32f7xx_hal_rtc.o
                0x0000000008008a1c                HAL_RTC_Init
 .text.HAL_RTC_SetTime
                0x0000000008008b24      0x134 ./Drivers/STM32F7xx_HAL_Driver/Src/stm32f7xx_hal_rtc.o
                0x0000000008008b24                HAL_RTC_SetTime
 .text.HAL_RTC_SetDate
                0x0000000008008c58      0x108 ./Drivers/STM32F7xx_HAL_Driver/Src/stm32f7xx_hal_rtc.o
                0x0000000008008c58                HAL_RTC_SetDate
 .text.HAL_RTC_SetAlarm
                0x0000000008008d60      0x254 ./Drivers/STM32F7xx_HAL_Driver/Src/stm32f7xx_hal_rtc.o
                0x0000000008008d60                HAL_RTC_SetAlarm
 .text.HAL_RTC_WaitForSynchro
                0x0000000008008fb4       0x50 ./Drivers/STM32F7xx_HAL_Driver/Src/stm32f7xx_hal_rtc.o
                0x0000000008008fb4                HAL_RTC_WaitForSynchro
 .text.RTC_EnterInitMode
                0x0000000008009004       0x6e ./Drivers/STM32F7xx_HAL_Driver/Src/stm32f7xx_hal_rtc.o
                0x0000000008009004                RTC_EnterInitMode
 .text.RTC_ExitInitMode
                0x0000000008009072       0x4a ./Drivers/STM32F7xx_HAL_Driver/Src/stm32f7xx_hal_rtc.o
                0x0000000008009072                RTC_ExitInitMode
 .text.RTC_ByteToBcd2
                0x00000000080090bc       0x3c ./Drivers/STM32F7xx_HAL_Driver/Src/stm32f7xx_hal_rtc.o
                0x00000000080090bc                RTC_ByteToBcd2
 .text.HAL_RTCEx_SetTimeStamp
                0x00000000080090f8       0xd0 ./Drivers/STM32F7xx_HAL_Driver/Src/stm32f7xx_hal_rtc_ex.o
                0x00000000080090f8                HAL_RTCEx_SetTimeStamp
 .text.HAL_SDRAM_Init
                0x00000000080091c8       0x68 ./Drivers/STM32F7xx_HAL_Driver/Src/stm32f7xx_hal_sdram.o
                0x00000000080091c8                HAL_SDRAM_Init
 .text.HAL_SDRAM_SendCommand
                0x0000000008009230       0x6a ./Drivers/STM32F7xx_HAL_Driver/Src/stm32f7xx_hal_sdram.o
                0x0000000008009230                HAL_SDRAM_SendCommand
 .text.HAL_SDRAM_ProgramRefreshRate
                0x000000000800929a       0x50 ./Drivers/STM32F7xx_HAL_Driver/Src/stm32f7xx_hal_sdram.o
                0x000000000800929a                HAL_SDRAM_ProgramRefreshRate
 .text.HAL_SPI_Init
                0x00000000080092ea      0x156 ./Drivers/STM32F7xx_HAL_Driver/Src/stm32f7xx_hal_spi.o
                0x00000000080092ea                HAL_SPI_Init
 .text.HAL_TIM_Base_Init
                0x0000000008009440       0xae ./Drivers/STM32F7xx_HAL_Driver/Src/stm32f7xx_hal_tim.o
                0x0000000008009440                HAL_TIM_Base_Init
 *fill*         0x00000000080094ee        0x2 
 .text.HAL_TIM_Base_Start_IT
                0x00000000080094f0       0xf0 ./Drivers/STM32F7xx_HAL_Driver/Src/stm32f7xx_hal_tim.o
                0x00000000080094f0                HAL_TIM_Base_Start_IT
 .text.HAL_TIM_IRQHandler
                0x00000000080095e0      0x23e ./Drivers/STM32F7xx_HAL_Driver/Src/stm32f7xx_hal_tim.o
                0x00000000080095e0                HAL_TIM_IRQHandler
 *fill*         0x000000000800981e        0x2 
 .text.HAL_TIM_ConfigClockSource
                0x0000000008009820      0x194 ./Drivers/STM32F7xx_HAL_Driver/Src/stm32f7xx_hal_tim.o
                0x0000000008009820                HAL_TIM_ConfigClockSource
 .text.HAL_TIM_OC_DelayElapsedCallback
                0x00000000080099b4       0x14 ./Drivers/STM32F7xx_HAL_Driver/Src/stm32f7xx_hal_tim.o
                0x00000000080099b4                HAL_TIM_OC_DelayElapsedCallback
 .text.HAL_TIM_IC_CaptureCallback
                0x00000000080099c8       0x14 ./Drivers/STM32F7xx_HAL_Driver/Src/stm32f7xx_hal_tim.o
                0x00000000080099c8                HAL_TIM_IC_CaptureCallback
 .text.HAL_TIM_PWM_PulseFinishedCallback
                0x00000000080099dc       0x14 ./Drivers/STM32F7xx_HAL_Driver/Src/stm32f7xx_hal_tim.o
                0x00000000080099dc                HAL_TIM_PWM_PulseFinishedCallback
 .text.HAL_TIM_TriggerCallback
                0x00000000080099f0       0x14 ./Drivers/STM32F7xx_HAL_Driver/Src/stm32f7xx_hal_tim.o
                0x00000000080099f0                HAL_TIM_TriggerCallback
 .text.TIM_Base_SetConfig
                0x0000000008009a04      0x140 ./Drivers/STM32F7xx_HAL_Driver/Src/stm32f7xx_hal_tim.o
                0x0000000008009a04                TIM_Base_SetConfig
 .text.TIM_TI1_ConfigInputStage
                0x0000000008009b44       0x5e ./Drivers/STM32F7xx_HAL_Driver/Src/stm32f7xx_hal_tim.o
 .text.TIM_TI2_ConfigInputStage
                0x0000000008009ba2       0x60 ./Drivers/STM32F7xx_HAL_Driver/Src/stm32f7xx_hal_tim.o
 .text.TIM_ITRx_SetConfig
                0x0000000008009c02       0x36 ./Drivers/STM32F7xx_HAL_Driver/Src/stm32f7xx_hal_tim.o
 .text.TIM_ETR_SetConfig
                0x0000000008009c38       0x40 ./Drivers/STM32F7xx_HAL_Driver/Src/stm32f7xx_hal_tim.o
                0x0000000008009c38                TIM_ETR_SetConfig
 .text.HAL_TIMEx_MasterConfigSynchronization
                0x0000000008009c78      0x11c ./Drivers/STM32F7xx_HAL_Driver/Src/stm32f7xx_hal_tim_ex.o
                0x0000000008009c78                HAL_TIMEx_MasterConfigSynchronization
 .text.HAL_TIMEx_CommutCallback
                0x0000000008009d94       0x14 ./Drivers/STM32F7xx_HAL_Driver/Src/stm32f7xx_hal_tim_ex.o
                0x0000000008009d94                HAL_TIMEx_CommutCallback
 .text.HAL_TIMEx_BreakCallback
                0x0000000008009da8       0x14 ./Drivers/STM32F7xx_HAL_Driver/Src/stm32f7xx_hal_tim_ex.o
                0x0000000008009da8                HAL_TIMEx_BreakCallback
 .text.HAL_TIMEx_Break2Callback
                0x0000000008009dbc       0x14 ./Drivers/STM32F7xx_HAL_Driver/Src/stm32f7xx_hal_tim_ex.o
                0x0000000008009dbc                HAL_TIMEx_Break2Callback
 .text.HAL_UART_Init
                0x0000000008009dd0       0x9c ./Drivers/STM32F7xx_HAL_Driver/Src/stm32f7xx_hal_uart.o
                0x0000000008009dd0                HAL_UART_Init
 .text.UART_SetConfig
                0x0000000008009e6c      0x4c8 ./Drivers/STM32F7xx_HAL_Driver/Src/stm32f7xx_hal_uart.o
                0x0000000008009e6c                UART_SetConfig
 .text.UART_AdvFeatureConfig
                0x000000000800a334      0x144 ./Drivers/STM32F7xx_HAL_Driver/Src/stm32f7xx_hal_uart.o
                0x000000000800a334                UART_AdvFeatureConfig
 .text.UART_CheckIdleState
                0x000000000800a478       0x6e ./Drivers/STM32F7xx_HAL_Driver/Src/stm32f7xx_hal_uart.o
                0x000000000800a478                UART_CheckIdleState
 .text.UART_WaitOnFlagUntilTimeout
                0x000000000800a4e6      0x18c ./Drivers/STM32F7xx_HAL_Driver/Src/stm32f7xx_hal_uart.o
                0x000000000800a4e6                UART_WaitOnFlagUntilTimeout
 *fill*         0x000000000800a672        0x2 
 .text.FMC_SDRAM_Init
                0x000000000800a674       0xb8 ./Drivers/STM32F7xx_HAL_Driver/Src/stm32f7xx_ll_fmc.o
                0x000000000800a674                FMC_SDRAM_Init
 .text.FMC_SDRAM_Timing_Init
                0x000000000800a72c       0xd4 ./Drivers/STM32F7xx_HAL_Driver/Src/stm32f7xx_ll_fmc.o
                0x000000000800a72c                FMC_SDRAM_Timing_Init
 .text.FMC_SDRAM_SendCommand
                0x000000000800a800       0x48 ./Drivers/STM32F7xx_HAL_Driver/Src/stm32f7xx_ll_fmc.o
                0x000000000800a800                FMC_SDRAM_SendCommand
 .text.FMC_SDRAM_ProgramRefreshRate
                0x000000000800a848       0x30 ./Drivers/STM32F7xx_HAL_Driver/Src/stm32f7xx_ll_fmc.o
                0x000000000800a848                FMC_SDRAM_ProgramRefreshRate
 .text.__errno  0x000000000800a878        0xc /usr/local/st/stm32cubeide_1.11.2/plugins/com.st.stm32cube.ide.mcu.externaltools.gnu-tools-for-stm32.10.3-2021.10.linux64_1.0.100.202210260954/tools/bin/../lib/gcc/arm-none-eabi/10.3.1/../../../../arm-none-eabi/lib/thumb/v7e-m+fp/hard/libc_nano.a(lib_a-errno.o)
                0x000000000800a878                __errno
 .text.__libc_init_array
                0x000000000800a884       0x48 /usr/local/st/stm32cubeide_1.11.2/plugins/com.st.stm32cube.ide.mcu.externaltools.gnu-tools-for-stm32.10.3-2021.10.linux64_1.0.100.202210260954/tools/bin/../lib/gcc/arm-none-eabi/10.3.1/../../../../arm-none-eabi/lib/thumb/v7e-m+fp/hard/libc_nano.a(lib_a-init.o)
                0x000000000800a884                __libc_init_array
 .text.memset   0x000000000800a8cc       0x10 /usr/local/st/stm32cubeide_1.11.2/plugins/com.st.stm32cube.ide.mcu.externaltools.gnu-tools-for-stm32.10.3-2021.10.linux64_1.0.100.202210260954/tools/bin/../lib/gcc/arm-none-eabi/10.3.1/../../../../arm-none-eabi/lib/thumb/v7e-m+fp/hard/libc_nano.a(lib_a-memset.o)
                0x000000000800a8cc                memset
 .text.sprintf  0x000000000800a8dc       0x40 /usr/local/st/stm32cubeide_1.11.2/plugins/com.st.stm32cube.ide.mcu.externaltools.gnu-tools-for-stm32.10.3-2021.10.linux64_1.0.100.202210260954/tools/bin/../lib/gcc/arm-none-eabi/10.3.1/../../../../arm-none-eabi/lib/thumb/v7e-m+fp/hard/libc_nano.a(lib_a-sprintf.o)
                0x000000000800a8dc                sprintf
                0x000000000800a8dc                siprintf
 .text.__ssputs_r
                0x000000000800a91c       0xb6 /usr/local/st/stm32cubeide_1.11.2/plugins/com.st.stm32cube.ide.mcu.externaltools.gnu-tools-for-stm32.10.3-2021.10.linux64_1.0.100.202210260954/tools/bin/../lib/gcc/arm-none-eabi/10.3.1/../../../../arm-none-eabi/lib/thumb/v7e-m+fp/hard/libc_nano.a(lib_a-nano-svfprintf.o)
                0x000000000800a91c                __ssputs_r
 *fill*         0x000000000800a9d2        0x2 
 .text._svfprintf_r
                0x000000000800a9d4      0x200 /usr/local/st/stm32cubeide_1.11.2/plugins/com.st.stm32cube.ide.mcu.externaltools.gnu-tools-for-stm32.10.3-2021.10.linux64_1.0.100.202210260954/tools/bin/../lib/gcc/arm-none-eabi/10.3.1/../../../../arm-none-eabi/lib/thumb/v7e-m+fp/hard/libc_nano.a(lib_a-nano-svfprintf.o)
                0x000000000800a9d4                _svfprintf_r
                0x000000000800a9d4                _svfiprintf_r
 .text._printf_common
                0x000000000800abd4       0xda /usr/local/st/stm32cubeide_1.11.2/plugins/com.st.stm32cube.ide.mcu.externaltools.gnu-tools-for-stm32.10.3-2021.10.linux64_1.0.100.202210260954/tools/bin/../lib/gcc/arm-none-eabi/10.3.1/../../../../arm-none-eabi/lib/thumb/v7e-m+fp/hard/libc_nano.a(lib_a-nano-vfprintf_i.o)
                0x000000000800abd4                _printf_common
 *fill*         0x000000000800acae        0x2 
 .text._printf_i
                0x000000000800acb0      0x24c /usr/local/st/stm32cubeide_1.11.2/plugins/com.st.stm32cube.ide.mcu.externaltools.gnu-tools-for-stm32.10.3-2021.10.linux64_1.0.100.202210260954/tools/bin/../lib/gcc/arm-none-eabi/10.3.1/../../../../arm-none-eabi/lib/thumb/v7e-m+fp/hard/libc_nano.a(lib_a-nano-vfprintf_i.o)
                0x000000000800acb0                _printf_i
 .text.memcpy   0x000000000800aefc       0x1c /usr/local/st/stm32cubeide_1.11.2/plugins/com.st.stm32cube.ide.mcu.externaltools.gnu-tools-for-stm32.10.3-2021.10.linux64_1.0.100.202210260954/tools/bin/../lib/gcc/arm-none-eabi/10.3.1/../../../../arm-none-eabi/lib/thumb/v7e-m+fp/hard/libc_nano.a(lib_a-memcpy-stub.o)
                0x000000000800aefc                memcpy
 .text.memmove  0x000000000800af18       0x34 /usr/local/st/stm32cubeide_1.11.2/plugins/com.st.stm32cube.ide.mcu.externaltools.gnu-tools-for-stm32.10.3-2021.10.linux64_1.0.100.202210260954/tools/bin/../lib/gcc/arm-none-eabi/10.3.1/../../../../arm-none-eabi/lib/thumb/v7e-m+fp/hard/libc_nano.a(lib_a-memmove.o)
                0x000000000800af18                memmove
 .text._free_r  0x000000000800af4c       0x98 /usr/local/st/stm32cubeide_1.11.2/plugins/com.st.stm32cube.ide.mcu.externaltools.gnu-tools-for-stm32.10.3-2021.10.linux64_1.0.100.202210260954/tools/bin/../lib/gcc/arm-none-eabi/10.3.1/../../../../arm-none-eabi/lib/thumb/v7e-m+fp/hard/libc_nano.a(lib_a-nano-freer.o)
                0x000000000800af4c                _free_r
 .text.sbrk_aligned
                0x000000000800afe4       0x40 /usr/local/st/stm32cubeide_1.11.2/plugins/com.st.stm32cube.ide.mcu.externaltools.gnu-tools-for-stm32.10.3-2021.10.linux64_1.0.100.202210260954/tools/bin/../lib/gcc/arm-none-eabi/10.3.1/../../../../arm-none-eabi/lib/thumb/v7e-m+fp/hard/libc_nano.a(lib_a-nano-mallocr.o)
 .text._malloc_r
                0x000000000800b024       0xe8 /usr/local/st/stm32cubeide_1.11.2/plugins/com.st.stm32cube.ide.mcu.externaltools.gnu-tools-for-stm32.10.3-2021.10.linux64_1.0.100.202210260954/tools/bin/../lib/gcc/arm-none-eabi/10.3.1/../../../../arm-none-eabi/lib/thumb/v7e-m+fp/hard/libc_nano.a(lib_a-nano-mallocr.o)
                0x000000000800b024                _malloc_r
 .text._realloc_r
                0x000000000800b10c       0x5e /usr/local/st/stm32cubeide_1.11.2/plugins/com.st.stm32cube.ide.mcu.externaltools.gnu-tools-for-stm32.10.3-2021.10.linux64_1.0.100.202210260954/tools/bin/../lib/gcc/arm-none-eabi/10.3.1/../../../../arm-none-eabi/lib/thumb/v7e-m+fp/hard/libc_nano.a(lib_a-nano-reallocr.o)
                0x000000000800b10c                _realloc_r
 *fill*         0x000000000800b16a        0x2 
 .text._sbrk_r  0x000000000800b16c       0x20 /usr/local/st/stm32cubeide_1.11.2/plugins/com.st.stm32cube.ide.mcu.externaltools.gnu-tools-for-stm32.10.3-2021.10.linux64_1.0.100.202210260954/tools/bin/../lib/gcc/arm-none-eabi/10.3.1/../../../../arm-none-eabi/lib/thumb/v7e-m+fp/hard/libc_nano.a(lib_a-sbrkr.o)
                0x000000000800b16c                _sbrk_r
 .text.__malloc_lock
                0x000000000800b18c        0xc /usr/local/st/stm32cubeide_1.11.2/plugins/com.st.stm32cube.ide.mcu.externaltools.gnu-tools-for-stm32.10.3-2021.10.linux64_1.0.100.202210260954/tools/bin/../lib/gcc/arm-none-eabi/10.3.1/../../../../arm-none-eabi/lib/thumb/v7e-m+fp/hard/libc_nano.a(lib_a-mlock.o)
                0x000000000800b18c                __malloc_lock
 .text.__malloc_unlock
                0x000000000800b198        0xc /usr/local/st/stm32cubeide_1.11.2/plugins/com.st.stm32cube.ide.mcu.externaltools.gnu-tools-for-stm32.10.3-2021.10.linux64_1.0.100.202210260954/tools/bin/../lib/gcc/arm-none-eabi/10.3.1/../../../../arm-none-eabi/lib/thumb/v7e-m+fp/hard/libc_nano.a(lib_a-mlock.o)
                0x000000000800b198                __malloc_unlock
 .text._malloc_usable_size_r
                0x000000000800b1a4       0x10 /usr/local/st/stm32cubeide_1.11.2/plugins/com.st.stm32cube.ide.mcu.externaltools.gnu-tools-for-stm32.10.3-2021.10.linux64_1.0.100.202210260954/tools/bin/../lib/gcc/arm-none-eabi/10.3.1/../../../../arm-none-eabi/lib/thumb/v7e-m+fp/hard/libc_nano.a(lib_a-nano-msizer.o)
                0x000000000800b1a4                _malloc_usable_size_r
 .text.__retarget_lock_acquire_recursive
                0x000000000800b1b4        0x2 /usr/local/st/stm32cubeide_1.11.2/plugins/com.st.stm32cube.ide.mcu.externaltools.gnu-tools-for-stm32.10.3-2021.10.linux64_1.0.100.202210260954/tools/bin/../lib/gcc/arm-none-eabi/10.3.1/../../../../arm-none-eabi/lib/thumb/v7e-m+fp/hard/libc_nano.a(lib_a-lock.o)
                0x000000000800b1b4                __retarget_lock_acquire_recursive
 .text.__retarget_lock_release_recursive
                0x000000000800b1b6        0x2 /usr/local/st/stm32cubeide_1.11.2/plugins/com.st.stm32cube.ide.mcu.externaltools.gnu-tools-for-stm32.10.3-2021.10.linux64_1.0.100.202210260954/tools/bin/../lib/gcc/arm-none-eabi/10.3.1/../../../../arm-none-eabi/lib/thumb/v7e-m+fp/hard/libc_nano.a(lib_a-lock.o)
                0x000000000800b1b6                __retarget_lock_release_recursive
 *(.glue_7)
 .glue_7        0x000000000800b1b8        0x0 linker stubs
 *(.glue_7t)
 .glue_7t       0x000000000800b1b8        0x0 linker stubs
 *(.eh_frame)
 .eh_frame      0x000000000800b1b8        0x0 /usr/local/st/stm32cubeide_1.11.2/plugins/com.st.stm32cube.ide.mcu.externaltools.gnu-tools-for-stm32.10.3-2021.10.linux64_1.0.100.202210260954/tools/bin/../lib/gcc/arm-none-eabi/10.3.1/thumb/v7e-m+fp/hard/crtbegin.o
 *(.init)
 .init          0x000000000800b1b8        0x4 /usr/local/st/stm32cubeide_1.11.2/plugins/com.st.stm32cube.ide.mcu.externaltools.gnu-tools-for-stm32.10.3-2021.10.linux64_1.0.100.202210260954/tools/bin/../lib/gcc/arm-none-eabi/10.3.1/thumb/v7e-m+fp/hard/crti.o
                0x000000000800b1b8                _init
 .init          0x000000000800b1bc        0x8 /usr/local/st/stm32cubeide_1.11.2/plugins/com.st.stm32cube.ide.mcu.externaltools.gnu-tools-for-stm32.10.3-2021.10.linux64_1.0.100.202210260954/tools/bin/../lib/gcc/arm-none-eabi/10.3.1/thumb/v7e-m+fp/hard/crtn.o
 *(.fini)
 .fini          0x000000000800b1c4        0x4 /usr/local/st/stm32cubeide_1.11.2/plugins/com.st.stm32cube.ide.mcu.externaltools.gnu-tools-for-stm32.10.3-2021.10.linux64_1.0.100.202210260954/tools/bin/../lib/gcc/arm-none-eabi/10.3.1/thumb/v7e-m+fp/hard/crti.o
                0x000000000800b1c4                _fini
 .fini          0x000000000800b1c8        0x8 /usr/local/st/stm32cubeide_1.11.2/plugins/com.st.stm32cube.ide.mcu.externaltools.gnu-tools-for-stm32.10.3-2021.10.linux64_1.0.100.202210260954/tools/bin/../lib/gcc/arm-none-eabi/10.3.1/thumb/v7e-m+fp/hard/crtn.o
                0x000000000800b1d0                . = ALIGN (0x4)
                0x000000000800b1d0                _etext = .

.vfp11_veneer   0x000000000800b1d0        0x0
 .vfp11_veneer  0x000000000800b1d0        0x0 linker stubs

.v4_bx          0x000000000800b1d0        0x0
 .v4_bx         0x000000000800b1d0        0x0 linker stubs

.iplt           0x000000000800b1d0        0x0
 .iplt          0x000000000800b1d0        0x0 /usr/local/st/stm32cubeide_1.11.2/plugins/com.st.stm32cube.ide.mcu.externaltools.gnu-tools-for-stm32.10.3-2021.10.linux64_1.0.100.202210260954/tools/bin/../lib/gcc/arm-none-eabi/10.3.1/thumb/v7e-m+fp/hard/crtbegin.o

.rodata         0x000000000800b1d0    0x41c04
                0x000000000800b1d0                . = ALIGN (0x4)
 *(.rodata)
 .rodata        0x000000000800b1d0       0x3a ./Core/Src/main.o
 *(.rodata*)
 *fill*         0x000000000800b20a        0x2 
 .rodata.HorombeRGB565_bmp
                0x000000000800b20c    0x3fc46 ./Core/Src/main.o
                0x000000000800b20c                HorombeRGB565_bmp
 *fill*         0x000000000804ae52        0x2 
 .rodata.Font24_Table
                0x000000000804ae54     0x1ab8 ./Core/Src/stm32746g_discovery_lcd.o
                0x000000000804ae54                Font24_Table
 .rodata.Font12_Table
                0x000000000804c90c      0x474 ./Core/Src/stm32746g_discovery_lcd.o
                0x000000000804c90c                Font12_Table
 .rodata.AHBPrescTable
                0x000000000804cd80       0x10 ./Core/Src/system_stm32f7xx.o
                0x000000000804cd80                AHBPrescTable
 .rodata.APBPrescTable
                0x000000000804cd90        0x8 ./Core/Src/system_stm32f7xx.o
                0x000000000804cd90                APBPrescTable
 .rodata.flagBitshiftOffset.0
                0x000000000804cd98        0x8 ./Drivers/STM32F7xx_HAL_Driver/Src/stm32f7xx_hal_dma.o
 .rodata._svfprintf_r.str1.1
                0x000000000804cda0       0x11 /usr/local/st/stm32cubeide_1.11.2/plugins/com.st.stm32cube.ide.mcu.externaltools.gnu-tools-for-stm32.10.3-2021.10.linux64_1.0.100.202210260954/tools/bin/../lib/gcc/arm-none-eabi/10.3.1/../../../../arm-none-eabi/lib/thumb/v7e-m+fp/hard/libc_nano.a(lib_a-nano-svfprintf.o)
 .rodata._printf_i.str1.1
                0x000000000804cdb1       0x22 /usr/local/st/stm32cubeide_1.11.2/plugins/com.st.stm32cube.ide.mcu.externaltools.gnu-tools-for-stm32.10.3-2021.10.linux64_1.0.100.202210260954/tools/bin/../lib/gcc/arm-none-eabi/10.3.1/../../../../arm-none-eabi/lib/thumb/v7e-m+fp/hard/libc_nano.a(lib_a-nano-vfprintf_i.o)
                0x000000000804cdd4                . = ALIGN (0x4)
 *fill*         0x000000000804cdd3        0x1 

.ARM.extab      0x000000000804cdd4        0x0
                0x000000000804cdd4                . = ALIGN (0x4)
 *(.ARM.extab* .gnu.linkonce.armextab.*)
                0x000000000804cdd4                . = ALIGN (0x4)

.ARM            0x000000000804cdd4        0x8
                0x000000000804cdd4                . = ALIGN (0x4)
                0x000000000804cdd4                __exidx_start = .
 *(.ARM.exidx*)
 .ARM.exidx     0x000000000804cdd4        0x8 /usr/local/st/stm32cubeide_1.11.2/plugins/com.st.stm32cube.ide.mcu.externaltools.gnu-tools-for-stm32.10.3-2021.10.linux64_1.0.100.202210260954/tools/bin/../lib/gcc/arm-none-eabi/10.3.1/thumb/v7e-m+fp/hard/libgcc.a(_udivmoddi4.o)
                0x000000000804cddc                __exidx_end = .
                0x000000000804cddc                . = ALIGN (0x4)

.rel.dyn        0x000000000804cddc        0x0
 .rel.iplt      0x000000000804cddc        0x0 /usr/local/st/stm32cubeide_1.11.2/plugins/com.st.stm32cube.ide.mcu.externaltools.gnu-tools-for-stm32.10.3-2021.10.linux64_1.0.100.202210260954/tools/bin/../lib/gcc/arm-none-eabi/10.3.1/thumb/v7e-m+fp/hard/crtbegin.o

.preinit_array  0x000000000804cddc        0x0
                0x000000000804cddc                . = ALIGN (0x4)
                0x000000000804cddc                PROVIDE (__preinit_array_start = .)
 *(.preinit_array*)
                0x000000000804cddc                PROVIDE (__preinit_array_end = .)
                0x000000000804cddc                . = ALIGN (0x4)

.init_array     0x000000000804cddc        0x4
                0x000000000804cddc                . = ALIGN (0x4)
                0x000000000804cddc                PROVIDE (__init_array_start = .)
 *(SORT_BY_NAME(.init_array.*))
 *(.init_array*)
 .init_array    0x000000000804cddc        0x4 /usr/local/st/stm32cubeide_1.11.2/plugins/com.st.stm32cube.ide.mcu.externaltools.gnu-tools-for-stm32.10.3-2021.10.linux64_1.0.100.202210260954/tools/bin/../lib/gcc/arm-none-eabi/10.3.1/thumb/v7e-m+fp/hard/crtbegin.o
                0x000000000804cde0                PROVIDE (__init_array_end = .)
                0x000000000804cde0                . = ALIGN (0x4)

.fini_array     0x000000000804cde0        0x4
                0x000000000804cde0                . = ALIGN (0x4)
                [!provide]                        PROVIDE (__fini_array_start = .)
 *(SORT_BY_NAME(.fini_array.*))
 *(.fini_array*)
 .fini_array    0x000000000804cde0        0x4 /usr/local/st/stm32cubeide_1.11.2/plugins/com.st.stm32cube.ide.mcu.externaltools.gnu-tools-for-stm32.10.3-2021.10.linux64_1.0.100.202210260954/tools/bin/../lib/gcc/arm-none-eabi/10.3.1/thumb/v7e-m+fp/hard/crtbegin.o
                [!provide]                        PROVIDE (__fini_array_end = .)
                0x000000000804cde4                . = ALIGN (0x4)
                0x000000000804cde4                _sidata = LOADADDR (.data)

.data           0x0000000020000000       0xac load address 0x000000000804cde4
                0x0000000020000000                . = ALIGN (0x4)
                0x0000000020000000                _sdata = .
 *(.data)
 *(.data*)
 .data.ft5336_ts_drv
                0x0000000020000000       0x28 ./Core/Src/ft5336.o
                0x0000000020000000                ft5336_ts_drv
 .data.Font24   0x0000000020000028        0x8 ./Core/Src/stm32746g_discovery_lcd.o
                0x0000000020000028                Font24
 .data.Font12   0x0000000020000030        0x8 ./Core/Src/stm32746g_discovery_lcd.o
                0x0000000020000030                Font12
 .data.sdramstatus.3
                0x0000000020000038        0x1 ./Core/Src/stm32746g_discovery_sdram.o
 *fill*         0x0000000020000039        0x3 
 .data.SystemCoreClock
                0x000000002000003c        0x4 ./Core/Src/system_stm32f7xx.o
                0x000000002000003c                SystemCoreClock
 .data.uwTickPrio
                0x0000000020000040        0x4 ./Drivers/STM32F7xx_HAL_Driver/Src/stm32f7xx_hal.o
                0x0000000020000040                uwTickPrio
 .data.uwTickFreq
                0x0000000020000044        0x1 ./Drivers/STM32F7xx_HAL_Driver/Src/stm32f7xx_hal.o
                0x0000000020000044                uwTickFreq
 *fill*         0x0000000020000045        0x3 
 .data._impure_ptr
                0x0000000020000048        0x4 /usr/local/st/stm32cubeide_1.11.2/plugins/com.st.stm32cube.ide.mcu.externaltools.gnu-tools-for-stm32.10.3-2021.10.linux64_1.0.100.202210260954/tools/bin/../lib/gcc/arm-none-eabi/10.3.1/../../../../arm-none-eabi/lib/thumb/v7e-m+fp/hard/libc_nano.a(lib_a-impure.o)
                0x0000000020000048                _impure_ptr
 .data.impure_data
                0x000000002000004c       0x60 /usr/local/st/stm32cubeide_1.11.2/plugins/com.st.stm32cube.ide.mcu.externaltools.gnu-tools-for-stm32.10.3-2021.10.linux64_1.0.100.202210260954/tools/bin/../lib/gcc/arm-none-eabi/10.3.1/../../../../arm-none-eabi/lib/thumb/v7e-m+fp/hard/libc_nano.a(lib_a-impure.o)
 *(.RamFunc)
 *(.RamFunc*)
                0x00000000200000ac                . = ALIGN (0x4)
                0x00000000200000ac                _edata = .

.igot.plt       0x00000000200000ac        0x0 load address 0x000000000804ce90
 .igot.plt      0x00000000200000ac        0x0 /usr/local/st/stm32cubeide_1.11.2/plugins/com.st.stm32cube.ide.mcu.externaltools.gnu-tools-for-stm32.10.3-2021.10.linux64_1.0.100.202210260954/tools/bin/../lib/gcc/arm-none-eabi/10.3.1/thumb/v7e-m+fp/hard/crtbegin.o
                0x00000000200000ac                . = ALIGN (0x4)

.bss            0x00000000200000ac      0x988 load address 0x000000000804ce90
                0x00000000200000ac                _sbss = .
                0x00000000200000ac                __bss_start__ = _sbss
 *(.bss)
 .bss           0x00000000200000ac       0x1c /usr/local/st/stm32cubeide_1.11.2/plugins/com.st.stm32cube.ide.mcu.externaltools.gnu-tools-for-stm32.10.3-2021.10.linux64_1.0.100.202210260954/tools/bin/../lib/gcc/arm-none-eabi/10.3.1/thumb/v7e-m+fp/hard/crtbegin.o
 *(.bss*)
 .bss.hadc1     0x00000000200000c8       0x48 ./Core/Src/adc.o
                0x00000000200000c8                hadc1
 .bss.hadc3     0x0000000020000110       0x48 ./Core/Src/adc.o
                0x0000000020000110                hadc3
 .bss.hdac      0x0000000020000158       0x14 ./Core/Src/dac.o
                0x0000000020000158                hdac
 .bss.hdma2d    0x000000002000016c       0x40 ./Core/Src/dma2d.o
                0x000000002000016c                hdma2d
 .bss.hsdram1   0x00000000200001ac       0x34 ./Core/Src/fmc.o
                0x00000000200001ac                hsdram1
 .bss.FMC_Initialized
                0x00000000200001e0        0x4 ./Core/Src/fmc.o
 .bss.ft5336_handle
                0x00000000200001e4        0x3 ./Core/Src/ft5336.o
 *fill*         0x00000000200001e7        0x1 
 .bss.coord.0   0x00000000200001e8        0x2 ./Core/Src/ft5336.o
 *fill*         0x00000000200001ea        0x2 
 .bss.hi2c1     0x00000000200001ec       0x54 ./Core/Src/i2c.o
                0x00000000200001ec                hi2c1
 .bss.hi2c3     0x0000000020000240       0x54 ./Core/Src/i2c.o
                0x0000000020000240                hi2c3
 .bss.hltdc     0x0000000020000294       0xa8 ./Core/Src/ltdc.o
                0x0000000020000294                hltdc
 .bss.TS_State.0
                0x000000002000033c       0x2c ./Core/Src/main.o
 .bss.hrtc      0x0000000020000368       0x20 ./Core/Src/rtc.o
                0x0000000020000368                hrtc
 .bss.hspi2     0x0000000020000388       0x64 ./Core/Src/spi.o
                0x0000000020000388                hspi2
 .bss.hI2cAudioHandler
                0x00000000200003ec       0x54 ./Core/Src/stm32746g_discovery.o
 .bss.hLtdcHandler
                0x0000000020000440       0xa8 ./Core/Src/stm32746g_discovery_lcd.o
                0x0000000020000440                hLtdcHandler
 .bss.hDma2dHandler
                0x00000000200004e8       0x40 ./Core/Src/stm32746g_discovery_lcd.o
 .bss.ActiveLayer
                0x0000000020000528        0x4 ./Core/Src/stm32746g_discovery_lcd.o
 .bss.DrawProp  0x000000002000052c       0x18 ./Core/Src/stm32746g_discovery_lcd.o
 .bss.periph_clk_init_struct.0
                0x0000000020000544       0x84 ./Core/Src/stm32746g_discovery_lcd.o
 .bss.sdramHandle
                0x00000000200005c8       0x34 ./Core/Src/stm32746g_discovery_sdram.o
                0x00000000200005c8                sdramHandle
 .bss.Timing    0x00000000200005fc       0x1c ./Core/Src/stm32746g_discovery_sdram.o
 .bss.Command   0x0000000020000618       0x10 ./Core/Src/stm32746g_discovery_sdram.o
 .bss.dma_handle.1
                0x0000000020000628       0x60 ./Core/Src/stm32746g_discovery_sdram.o
 .bss.tsDriver  0x0000000020000688        0x4 ./Core/Src/stm32746g_discovery_ts.o
 .bss.tsXBoundary
                0x000000002000068c        0x2 ./Core/Src/stm32746g_discovery_ts.o
 .bss.tsYBoundary
                0x000000002000068e        0x2 ./Core/Src/stm32746g_discovery_ts.o
 .bss.tsOrientation
                0x0000000020000690        0x1 ./Core/Src/stm32746g_discovery_ts.o
 .bss.I2cAddress
                0x0000000020000691        0x1 ./Core/Src/stm32746g_discovery_ts.o
 *fill*         0x0000000020000692        0x2 
 .bss._x.1      0x0000000020000694       0x14 ./Core/Src/stm32746g_discovery_ts.o
 .bss._y.0      0x00000000200006a8       0x14 ./Core/Src/stm32746g_discovery_ts.o
 .bss.htim6     0x00000000200006bc       0x4c ./Core/Src/stm32f7xx_hal_timebase_tim.o
                0x00000000200006bc                htim6
 .bss.__sbrk_heap_end
                0x0000000020000708        0x4 ./Core/Src/sysmem.o
 .bss.htim1     0x000000002000070c       0x4c ./Core/Src/tim.o
                0x000000002000070c                htim1
 .bss.htim2     0x0000000020000758       0x4c ./Core/Src/tim.o
                0x0000000020000758                htim2
 .bss.htim3     0x00000000200007a4       0x4c ./Core/Src/tim.o
                0x00000000200007a4                htim3
 .bss.htim5     0x00000000200007f0       0x4c ./Core/Src/tim.o
                0x00000000200007f0                htim5
 .bss.htim8     0x000000002000083c       0x4c ./Core/Src/tim.o
                0x000000002000083c                htim8
 .bss.huart7    0x0000000020000888       0x88 ./Core/Src/usart.o
                0x0000000020000888                huart7
 .bss.huart1    0x0000000020000910       0x88 ./Core/Src/usart.o
                0x0000000020000910                huart1
 .bss.huart6    0x0000000020000998       0x88 ./Core/Src/usart.o
                0x0000000020000998                huart6
 .bss.uwTick    0x0000000020000a20        0x4 ./Drivers/STM32F7xx_HAL_Driver/Src/stm32f7xx_hal.o
                0x0000000020000a20                uwTick
 .bss.__malloc_free_list
                0x0000000020000a24        0x4 /usr/local/st/stm32cubeide_1.11.2/plugins/com.st.stm32cube.ide.mcu.externaltools.gnu-tools-for-stm32.10.3-2021.10.linux64_1.0.100.202210260954/tools/bin/../lib/gcc/arm-none-eabi/10.3.1/../../../../arm-none-eabi/lib/thumb/v7e-m+fp/hard/libc_nano.a(lib_a-nano-mallocr.o)
                0x0000000020000a24                __malloc_free_list
 .bss.__malloc_sbrk_start
                0x0000000020000a28        0x4 /usr/local/st/stm32cubeide_1.11.2/plugins/com.st.stm32cube.ide.mcu.externaltools.gnu-tools-for-stm32.10.3-2021.10.linux64_1.0.100.202210260954/tools/bin/../lib/gcc/arm-none-eabi/10.3.1/../../../../arm-none-eabi/lib/thumb/v7e-m+fp/hard/libc_nano.a(lib_a-nano-mallocr.o)
                0x0000000020000a28                __malloc_sbrk_start
 .bss.errno     0x0000000020000a2c        0x4 /usr/local/st/stm32cubeide_1.11.2/plugins/com.st.stm32cube.ide.mcu.externaltools.gnu-tools-for-stm32.10.3-2021.10.linux64_1.0.100.202210260954/tools/bin/../lib/gcc/arm-none-eabi/10.3.1/../../../../arm-none-eabi/lib/thumb/v7e-m+fp/hard/libc_nano.a(lib_a-reent.o)
                0x0000000020000a2c                errno
 .bss.__lock___malloc_recursive_mutex
                0x0000000020000a30        0x1 /usr/local/st/stm32cubeide_1.11.2/plugins/com.st.stm32cube.ide.mcu.externaltools.gnu-tools-for-stm32.10.3-2021.10.linux64_1.0.100.202210260954/tools/bin/../lib/gcc/arm-none-eabi/10.3.1/../../../../arm-none-eabi/lib/thumb/v7e-m+fp/hard/libc_nano.a(lib_a-lock.o)
                0x0000000020000a30                __lock___malloc_recursive_mutex
 *(COMMON)
                0x0000000020000a34                . = ALIGN (0x4)
 *fill*         0x0000000020000a31        0x3 
                0x0000000020000a34                _ebss = .
                0x0000000020000a34                __bss_end__ = _ebss

._user_heap_stack
                0x0000000020000a34      0x604 load address 0x000000000804ce90
                0x0000000020000a38                . = ALIGN (0x8)
 *fill*         0x0000000020000a34        0x4 
                [!provide]                        PROVIDE (end = .)
                0x0000000020000a38                PROVIDE (_end = .)
                0x0000000020000c38                . = (. + _Min_Heap_Size)
 *fill*         0x0000000020000a38      0x200 
                0x0000000020001038                . = (. + _Min_Stack_Size)
 *fill*         0x0000000020000c38      0x400 
                0x0000000020001038                . = ALIGN (0x8)

/DISCARD/
 libc.a(*)
 libm.a(*)
 libgcc.a(*)

.ARM.attributes
                0x0000000000000000       0x30
 *(.ARM.attributes)
 .ARM.attributes
                0x0000000000000000       0x1e /usr/local/st/stm32cubeide_1.11.2/plugins/com.st.stm32cube.ide.mcu.externaltools.gnu-tools-for-stm32.10.3-2021.10.linux64_1.0.100.202210260954/tools/bin/../lib/gcc/arm-none-eabi/10.3.1/thumb/v7e-m+fp/hard/crti.o
 .ARM.attributes
                0x000000000000001e       0x34 /usr/local/st/stm32cubeide_1.11.2/plugins/com.st.stm32cube.ide.mcu.externaltools.gnu-tools-for-stm32.10.3-2021.10.linux64_1.0.100.202210260954/tools/bin/../lib/gcc/arm-none-eabi/10.3.1/thumb/v7e-m+fp/hard/crtbegin.o
 .ARM.attributes
                0x0000000000000052       0x34 ./Core/Src/adc.o
 .ARM.attributes
                0x0000000000000086       0x34 ./Core/Src/dac.o
 .ARM.attributes
                0x00000000000000ba       0x34 ./Core/Src/dma2d.o
 .ARM.attributes
                0x00000000000000ee       0x34 ./Core/Src/fmc.o
 .ARM.attributes
                0x0000000000000122       0x34 ./Core/Src/ft5336.o
 .ARM.attributes
                0x0000000000000156       0x34 ./Core/Src/gpio.o
 .ARM.attributes
                0x000000000000018a       0x34 ./Core/Src/i2c.o
 .ARM.attributes
                0x00000000000001be       0x34 ./Core/Src/ltdc.o
 .ARM.attributes
                0x00000000000001f2       0x34 ./Core/Src/main.o
 .ARM.attributes
                0x0000000000000226       0x34 ./Core/Src/rtc.o
 .ARM.attributes
                0x000000000000025a       0x34 ./Core/Src/spi.o
 .ARM.attributes
                0x000000000000028e       0x34 ./Core/Src/stm32746g_discovery.o
 .ARM.attributes
                0x00000000000002c2       0x34 ./Core/Src/stm32746g_discovery_lcd.o
 .ARM.attributes
                0x00000000000002f6       0x34 ./Core/Src/stm32746g_discovery_sdram.o
 .ARM.attributes
                0x000000000000032a       0x34 ./Core/Src/stm32746g_discovery_ts.o
 .ARM.attributes
                0x000000000000035e       0x34 ./Core/Src/stm32f7xx_hal_msp.o
 .ARM.attributes
                0x0000000000000392       0x34 ./Core/Src/stm32f7xx_hal_timebase_tim.o
 .ARM.attributes
                0x00000000000003c6       0x34 ./Core/Src/stm32f7xx_it.o
 .ARM.attributes
                0x00000000000003fa       0x34 ./Core/Src/sysmem.o
 .ARM.attributes
                0x000000000000042e       0x34 ./Core/Src/system_stm32f7xx.o
 .ARM.attributes
                0x0000000000000462       0x34 ./Core/Src/tim.o
 .ARM.attributes
                0x0000000000000496       0x34 ./Core/Src/usart.o
 .ARM.attributes
                0x00000000000004ca       0x21 ./Core/Startup/startup_stm32f746nghx.o
 .ARM.attributes
                0x00000000000004eb       0x34 ./Drivers/STM32F7xx_HAL_Driver/Src/stm32f7xx_hal.o
 .ARM.attributes
                0x000000000000051f       0x34 ./Drivers/STM32F7xx_HAL_Driver/Src/stm32f7xx_hal_adc.o
 .ARM.attributes
                0x0000000000000553       0x34 ./Drivers/STM32F7xx_HAL_Driver/Src/stm32f7xx_hal_cortex.o
 .ARM.attributes
                0x0000000000000587       0x34 ./Drivers/STM32F7xx_HAL_Driver/Src/stm32f7xx_hal_dac.o
 .ARM.attributes
                0x00000000000005bb       0x34 ./Drivers/STM32F7xx_HAL_Driver/Src/stm32f7xx_hal_dac_ex.o
 .ARM.attributes
                0x00000000000005ef       0x34 ./Drivers/STM32F7xx_HAL_Driver/Src/stm32f7xx_hal_dma.o
 .ARM.attributes
                0x0000000000000623       0x34 ./Drivers/STM32F7xx_HAL_Driver/Src/stm32f7xx_hal_dma2d.o
 .ARM.attributes
                0x0000000000000657       0x34 ./Drivers/STM32F7xx_HAL_Driver/Src/stm32f7xx_hal_gpio.o
 .ARM.attributes
                0x000000000000068b       0x34 ./Drivers/STM32F7xx_HAL_Driver/Src/stm32f7xx_hal_i2c.o
 .ARM.attributes
                0x00000000000006bf       0x34 ./Drivers/STM32F7xx_HAL_Driver/Src/stm32f7xx_hal_i2c_ex.o
 .ARM.attributes
                0x00000000000006f3       0x34 ./Drivers/STM32F7xx_HAL_Driver/Src/stm32f7xx_hal_ltdc.o
 .ARM.attributes
                0x0000000000000727       0x34 ./Drivers/STM32F7xx_HAL_Driver/Src/stm32f7xx_hal_pwr.o
 .ARM.attributes
                0x000000000000075b       0x34 ./Drivers/STM32F7xx_HAL_Driver/Src/stm32f7xx_hal_pwr_ex.o
 .ARM.attributes
                0x000000000000078f       0x34 ./Drivers/STM32F7xx_HAL_Driver/Src/stm32f7xx_hal_rcc.o
 .ARM.attributes
                0x00000000000007c3       0x34 ./Drivers/STM32F7xx_HAL_Driver/Src/stm32f7xx_hal_rcc_ex.o
 .ARM.attributes
                0x00000000000007f7       0x34 ./Drivers/STM32F7xx_HAL_Driver/Src/stm32f7xx_hal_rtc.o
 .ARM.attributes
                0x000000000000082b       0x34 ./Drivers/STM32F7xx_HAL_Driver/Src/stm32f7xx_hal_rtc_ex.o
 .ARM.attributes
                0x000000000000085f       0x34 ./Drivers/STM32F7xx_HAL_Driver/Src/stm32f7xx_hal_sdram.o
 .ARM.attributes
                0x0000000000000893       0x34 ./Drivers/STM32F7xx_HAL_Driver/Src/stm32f7xx_hal_spi.o
 .ARM.attributes
                0x00000000000008c7       0x34 ./Drivers/STM32F7xx_HAL_Driver/Src/stm32f7xx_hal_tim.o
 .ARM.attributes
                0x00000000000008fb       0x34 ./Drivers/STM32F7xx_HAL_Driver/Src/stm32f7xx_hal_tim_ex.o
 .ARM.attributes
                0x000000000000092f       0x34 ./Drivers/STM32F7xx_HAL_Driver/Src/stm32f7xx_hal_uart.o
 .ARM.attributes
                0x0000000000000963       0x34 ./Drivers/STM32F7xx_HAL_Driver/Src/stm32f7xx_ll_fmc.o
 .ARM.attributes
                0x0000000000000997       0x34 /usr/local/st/stm32cubeide_1.11.2/plugins/com.st.stm32cube.ide.mcu.externaltools.gnu-tools-for-stm32.10.3-2021.10.linux64_1.0.100.202210260954/tools/bin/../lib/gcc/arm-none-eabi/10.3.1/../../../../arm-none-eabi/lib/thumb/v7e-m+fp/hard/libc_nano.a(lib_a-errno.o)
 .ARM.attributes
                0x00000000000009cb       0x34 /usr/local/st/stm32cubeide_1.11.2/plugins/com.st.stm32cube.ide.mcu.externaltools.gnu-tools-for-stm32.10.3-2021.10.linux64_1.0.100.202210260954/tools/bin/../lib/gcc/arm-none-eabi/10.3.1/../../../../arm-none-eabi/lib/thumb/v7e-m+fp/hard/libc_nano.a(lib_a-impure.o)
 .ARM.attributes
                0x00000000000009ff       0x34 /usr/local/st/stm32cubeide_1.11.2/plugins/com.st.stm32cube.ide.mcu.externaltools.gnu-tools-for-stm32.10.3-2021.10.linux64_1.0.100.202210260954/tools/bin/../lib/gcc/arm-none-eabi/10.3.1/../../../../arm-none-eabi/lib/thumb/v7e-m+fp/hard/libc_nano.a(lib_a-init.o)
 .ARM.attributes
                0x0000000000000a33       0x34 /usr/local/st/stm32cubeide_1.11.2/plugins/com.st.stm32cube.ide.mcu.externaltools.gnu-tools-for-stm32.10.3-2021.10.linux64_1.0.100.202210260954/tools/bin/../lib/gcc/arm-none-eabi/10.3.1/../../../../arm-none-eabi/lib/thumb/v7e-m+fp/hard/libc_nano.a(lib_a-memset.o)
 .ARM.attributes
                0x0000000000000a67       0x34 /usr/local/st/stm32cubeide_1.11.2/plugins/com.st.stm32cube.ide.mcu.externaltools.gnu-tools-for-stm32.10.3-2021.10.linux64_1.0.100.202210260954/tools/bin/../lib/gcc/arm-none-eabi/10.3.1/../../../../arm-none-eabi/lib/thumb/v7e-m+fp/hard/libc_nano.a(lib_a-sprintf.o)
 .ARM.attributes
                0x0000000000000a9b       0x34 /usr/local/st/stm32cubeide_1.11.2/plugins/com.st.stm32cube.ide.mcu.externaltools.gnu-tools-for-stm32.10.3-2021.10.linux64_1.0.100.202210260954/tools/bin/../lib/gcc/arm-none-eabi/10.3.1/../../../../arm-none-eabi/lib/thumb/v7e-m+fp/hard/libc_nano.a(lib_a-nano-svfprintf.o)
 .ARM.attributes
                0x0000000000000acf       0x34 /usr/local/st/stm32cubeide_1.11.2/plugins/com.st.stm32cube.ide.mcu.externaltools.gnu-tools-for-stm32.10.3-2021.10.linux64_1.0.100.202210260954/tools/bin/../lib/gcc/arm-none-eabi/10.3.1/../../../../arm-none-eabi/lib/thumb/v7e-m+fp/hard/libc_nano.a(lib_a-nano-vfprintf_i.o)
 .ARM.attributes
                0x0000000000000b03       0x1c /usr/local/st/stm32cubeide_1.11.2/plugins/com.st.stm32cube.ide.mcu.externaltools.gnu-tools-for-stm32.10.3-2021.10.linux64_1.0.100.202210260954/tools/bin/../lib/gcc/arm-none-eabi/10.3.1/../../../../arm-none-eabi/lib/thumb/v7e-m+fp/hard/libc_nano.a(lib_a-memchr.o)
 .ARM.attributes
                0x0000000000000b1f       0x34 /usr/local/st/stm32cubeide_1.11.2/plugins/com.st.stm32cube.ide.mcu.externaltools.gnu-tools-for-stm32.10.3-2021.10.linux64_1.0.100.202210260954/tools/bin/../lib/gcc/arm-none-eabi/10.3.1/../../../../arm-none-eabi/lib/thumb/v7e-m+fp/hard/libc_nano.a(lib_a-memcpy-stub.o)
 .ARM.attributes
                0x0000000000000b53       0x34 /usr/local/st/stm32cubeide_1.11.2/plugins/com.st.stm32cube.ide.mcu.externaltools.gnu-tools-for-stm32.10.3-2021.10.linux64_1.0.100.202210260954/tools/bin/../lib/gcc/arm-none-eabi/10.3.1/../../../../arm-none-eabi/lib/thumb/v7e-m+fp/hard/libc_nano.a(lib_a-memmove.o)
 .ARM.attributes
                0x0000000000000b87       0x34 /usr/local/st/stm32cubeide_1.11.2/plugins/com.st.stm32cube.ide.mcu.externaltools.gnu-tools-for-stm32.10.3-2021.10.linux64_1.0.100.202210260954/tools/bin/../lib/gcc/arm-none-eabi/10.3.1/../../../../arm-none-eabi/lib/thumb/v7e-m+fp/hard/libc_nano.a(lib_a-nano-freer.o)
 .ARM.attributes
                0x0000000000000bbb       0x34 /usr/local/st/stm32cubeide_1.11.2/plugins/com.st.stm32cube.ide.mcu.externaltools.gnu-tools-for-stm32.10.3-2021.10.linux64_1.0.100.202210260954/tools/bin/../lib/gcc/arm-none-eabi/10.3.1/../../../../arm-none-eabi/lib/thumb/v7e-m+fp/hard/libc_nano.a(lib_a-nano-mallocr.o)
 .ARM.attributes
                0x0000000000000bef       0x34 /usr/local/st/stm32cubeide_1.11.2/plugins/com.st.stm32cube.ide.mcu.externaltools.gnu-tools-for-stm32.10.3-2021.10.linux64_1.0.100.202210260954/tools/bin/../lib/gcc/arm-none-eabi/10.3.1/../../../../arm-none-eabi/lib/thumb/v7e-m+fp/hard/libc_nano.a(lib_a-nano-reallocr.o)
 .ARM.attributes
                0x0000000000000c23       0x34 /usr/local/st/stm32cubeide_1.11.2/plugins/com.st.stm32cube.ide.mcu.externaltools.gnu-tools-for-stm32.10.3-2021.10.linux64_1.0.100.202210260954/tools/bin/../lib/gcc/arm-none-eabi/10.3.1/../../../../arm-none-eabi/lib/thumb/v7e-m+fp/hard/libc_nano.a(lib_a-sbrkr.o)
 .ARM.attributes
                0x0000000000000c57       0x34 /usr/local/st/stm32cubeide_1.11.2/plugins/com.st.stm32cube.ide.mcu.externaltools.gnu-tools-for-stm32.10.3-2021.10.linux64_1.0.100.202210260954/tools/bin/../lib/gcc/arm-none-eabi/10.3.1/../../../../arm-none-eabi/lib/thumb/v7e-m+fp/hard/libc_nano.a(lib_a-mlock.o)
 .ARM.attributes
                0x0000000000000c8b       0x34 /usr/local/st/stm32cubeide_1.11.2/plugins/com.st.stm32cube.ide.mcu.externaltools.gnu-tools-for-stm32.10.3-2021.10.linux64_1.0.100.202210260954/tools/bin/../lib/gcc/arm-none-eabi/10.3.1/../../../../arm-none-eabi/lib/thumb/v7e-m+fp/hard/libc_nano.a(lib_a-nano-msizer.o)
 .ARM.attributes
                0x0000000000000cbf       0x34 /usr/local/st/stm32cubeide_1.11.2/plugins/com.st.stm32cube.ide.mcu.externaltools.gnu-tools-for-stm32.10.3-2021.10.linux64_1.0.100.202210260954/tools/bin/../lib/gcc/arm-none-eabi/10.3.1/../../../../arm-none-eabi/lib/thumb/v7e-m+fp/hard/libc_nano.a(lib_a-reent.o)
 .ARM.attributes
                0x0000000000000cf3       0x34 /usr/local/st/stm32cubeide_1.11.2/plugins/com.st.stm32cube.ide.mcu.externaltools.gnu-tools-for-stm32.10.3-2021.10.linux64_1.0.100.202210260954/tools/bin/../lib/gcc/arm-none-eabi/10.3.1/../../../../arm-none-eabi/lib/thumb/v7e-m+fp/hard/libc_nano.a(lib_a-lock.o)
 .ARM.attributes
                0x0000000000000d27       0x1e /usr/local/st/stm32cubeide_1.11.2/plugins/com.st.stm32cube.ide.mcu.externaltools.gnu-tools-for-stm32.10.3-2021.10.linux64_1.0.100.202210260954/tools/bin/../lib/gcc/arm-none-eabi/10.3.1/thumb/v7e-m+fp/hard/libgcc.a(_aeabi_uldivmod.o)
 .ARM.attributes
                0x0000000000000d45       0x34 /usr/local/st/stm32cubeide_1.11.2/plugins/com.st.stm32cube.ide.mcu.externaltools.gnu-tools-for-stm32.10.3-2021.10.linux64_1.0.100.202210260954/tools/bin/../lib/gcc/arm-none-eabi/10.3.1/thumb/v7e-m+fp/hard/libgcc.a(_udivmoddi4.o)
 .ARM.attributes
                0x0000000000000d79       0x1e /usr/local/st/stm32cubeide_1.11.2/plugins/com.st.stm32cube.ide.mcu.externaltools.gnu-tools-for-stm32.10.3-2021.10.linux64_1.0.100.202210260954/tools/bin/../lib/gcc/arm-none-eabi/10.3.1/thumb/v7e-m+fp/hard/libgcc.a(_dvmd_tls.o)
 .ARM.attributes
                0x0000000000000d97       0x1e /usr/local/st/stm32cubeide_1.11.2/plugins/com.st.stm32cube.ide.mcu.externaltools.gnu-tools-for-stm32.10.3-2021.10.linux64_1.0.100.202210260954/tools/bin/../lib/gcc/arm-none-eabi/10.3.1/thumb/v7e-m+fp/hard/crtn.o
OUTPUT(projetdemo2023.elf elf32-littlearm)
LOAD linker stubs
LOAD /usr/local/st/stm32cubeide_1.11.2/plugins/com.st.stm32cube.ide.mcu.externaltools.gnu-tools-for-stm32.10.3-2021.10.linux64_1.0.100.202210260954/tools/bin/../lib/gcc/arm-none-eabi/10.3.1/../../../../arm-none-eabi/lib/thumb/v7e-m+fp/hard/libc.a
LOAD /usr/local/st/stm32cubeide_1.11.2/plugins/com.st.stm32cube.ide.mcu.externaltools.gnu-tools-for-stm32.10.3-2021.10.linux64_1.0.100.202210260954/tools/bin/../lib/gcc/arm-none-eabi/10.3.1/../../../../arm-none-eabi/lib/thumb/v7e-m+fp/hard/libm.a
LOAD /usr/local/st/stm32cubeide_1.11.2/plugins/com.st.stm32cube.ide.mcu.externaltools.gnu-tools-for-stm32.10.3-2021.10.linux64_1.0.100.202210260954/tools/bin/../lib/gcc/arm-none-eabi/10.3.1/thumb/v7e-m+fp/hard/libgcc.a

.debug_info     0x0000000000000000    0x2ad84
 .debug_info    0x0000000000000000      0xacd ./Core/Src/adc.o
 .debug_info    0x0000000000000acd      0xc2c ./Core/Src/dac.o
 .debug_info    0x00000000000016f9      0x984 ./Core/Src/dma2d.o
 .debug_info    0x000000000000207d      0x9f0 ./Core/Src/fmc.o
 .debug_info    0x0000000000002a6d      0x635 ./Core/Src/ft5336.o
 .debug_info    0x00000000000030a2      0x580 ./Core/Src/gpio.o
 .debug_info    0x0000000000003622      0xd55 ./Core/Src/i2c.o
 .debug_info    0x0000000000004377      0xe83 ./Core/Src/ltdc.o
 .debug_info    0x00000000000051fa     0x1417 ./Core/Src/main.o
 .debug_info    0x0000000000006611      0xb9e ./Core/Src/rtc.o
 .debug_info    0x00000000000071af      0xa59 ./Core/Src/spi.o
 .debug_info    0x0000000000007c08     0x1c98 ./Core/Src/stm32746g_discovery.o
 .debug_info    0x00000000000098a0     0x2748 ./Core/Src/stm32746g_discovery_lcd.o
 .debug_info    0x000000000000bfe8     0x10d8 ./Core/Src/stm32746g_discovery_sdram.o
 .debug_info    0x000000000000d0c0      0x9c8 ./Core/Src/stm32746g_discovery_ts.o
 .debug_info    0x000000000000da88      0x2d2 ./Core/Src/stm32f7xx_hal_msp.o
 .debug_info    0x000000000000dd5a      0xd20 ./Core/Src/stm32f7xx_hal_timebase_tim.o
 .debug_info    0x000000000000ea7a     0x1047 ./Core/Src/stm32f7xx_it.o
 .debug_info    0x000000000000fac1      0x171 ./Core/Src/sysmem.o
 .debug_info    0x000000000000fc32      0x72c ./Core/Src/system_stm32f7xx.o
 .debug_info    0x000000000001035e      0xdc1 ./Core/Src/tim.o
 .debug_info    0x000000000001111f      0xdfb ./Core/Src/usart.o
 .debug_info    0x0000000000011f1a       0x22 ./Core/Startup/startup_stm32f746nghx.o
 .debug_info    0x0000000000011f3c      0xa0c ./Drivers/STM32F7xx_HAL_Driver/Src/stm32f7xx_hal.o
 .debug_info    0x0000000000012948      0xd19 ./Drivers/STM32F7xx_HAL_Driver/Src/stm32f7xx_hal_adc.o
 .debug_info    0x0000000000013661     0x105a ./Drivers/STM32F7xx_HAL_Driver/Src/stm32f7xx_hal_cortex.o
 .debug_info    0x00000000000146bb      0xa5d ./Drivers/STM32F7xx_HAL_Driver/Src/stm32f7xx_hal_dac.o
 .debug_info    0x0000000000015118      0x7bb ./Drivers/STM32F7xx_HAL_Driver/Src/stm32f7xx_hal_dac_ex.o
 .debug_info    0x00000000000158d3      0x94f ./Drivers/STM32F7xx_HAL_Driver/Src/stm32f7xx_hal_dma.o
 .debug_info    0x0000000000016222      0xf9f ./Drivers/STM32F7xx_HAL_Driver/Src/stm32f7xx_hal_dma2d.o
 .debug_info    0x00000000000171c1      0x794 ./Drivers/STM32F7xx_HAL_Driver/Src/stm32f7xx_hal_gpio.o
 .debug_info    0x0000000000017955     0x22d3 ./Drivers/STM32F7xx_HAL_Driver/Src/stm32f7xx_hal_i2c.o
 .debug_info    0x0000000000019c28      0x9d4 ./Drivers/STM32F7xx_HAL_Driver/Src/stm32f7xx_hal_i2c_ex.o