../Core/Src/stm32f7xx_it.c:80:6:NMI_Handler	4	static
../Core/Src/stm32f7xx_it.c:95:6:HardFault_Handler	4	static
../Core/Src/stm32f7xx_it.c:110:6:MemManage_Handler	4	static
../Core/Src/stm32f7xx_it.c:125:6:BusFault_Handler	4	static
../Core/Src/stm32f7xx_it.c:140:6:UsageFault_Handler	4	static
../Core/Src/stm32f7xx_it.c:155:6:DebugMon_Handler	4	static
../Core/Src/stm32f7xx_it.c:175:6:DMA1_Stream5_IRQHandler	8	static
../Core/Src/stm32f7xx_it.c:189:6:TIM8_UP_TIM13_IRQHandler	8	static
../Core/Src/stm32f7xx_it.c:203:6:TIM6_DAC_IRQHandler	8	static
../Core/Src/stm32f7xx_it.c:220:6:TIM7_IRQHandler	8	static
../Core/Src/stm32f7xx_it.c:234:6:DMA2_Stream4_IRQHandler	8	static
../Core/Src/stm32f7xx_it.c:248:6:DMA2_Stream6_IRQHandler	8	static
../Core/Src/stm32f7xx_it.c:262:6:LTDC_IRQHandler	8	static
../Core/Src/stm32f7xx_it.c:276:6:DMA2D_IRQHandler	8	static
../Core/Src/stm32f7xx_it.c:290:6:SAI2_IRQHandler	8	static
